19:35:59 **** Incremental Build of configuration Debug for project lab_prac2 ****
make -j12 all 
Building file: ../src/main.c
Invoking: MCU GCC Compiler
C:\Users\trido\workspace\lab_prac2\Debug
arm-none-eabi-gcc -mcpu=cortex-m0 -mthumb -mfloat-abi=soft -DSTM32 -DSTM32F0 -DSTM32F091RCTx -DDEBUG -DSTM32F091 -DUSE_STDPERIPH_DRIVER -I"C:/Users/trido/workspace/lab_prac2/StdPeriph_Driver/inc" -I"C:/Users/trido/workspace/lab_prac2/inc" -I"C:/Users/trido/workspace/lab_prac2/CMSIS/device" -I"C:/Users/trido/workspace/lab_prac2/CMSIS/core" -O0 -g3 -Wall -fmessage-length=0 -ffunction-sections -c -MMD -MP -MF"src/main.d" -MT"src/main.o" -o "src/main.o" "../src/main.c"
../src/main.c: In function 'main':
../src/main.c:46:5: warning: implicit declaration of function 'nano_wait' [-Wimplicit-function-declaration]
     nano_wait(1000000);
     ^~~~~~~~~
../src/main.c:47:5: warning: implicit declaration of function 'spi_cmd' [-Wimplicit-function-declaration]
     spi_cmd(0x38);
     ^~~~~~~
../src/main.c: In function 'TIM15_IRQHandler':
../src/main.c:72:5: warning: implicit declaration of function 'show_digit' [-Wimplicit-function-declaration]
     show_digit();
     ^~~~~~~~~~
../src/main.c:73:16: warning: implicit declaration of function 'get_cols'; did you mean 'fgetpos'? [-Wimplicit-function-declaration]
     int cols = get_cols();
                ^~~~~~~~
                fgetpos
../src/main.c:74:5: warning: implicit declaration of function 'update_hist' [-Wimplicit-function-declaration]
     update_hist(cols);
     ^~~~~~~~~~~
../src/main.c:76:5: warning: implicit declaration of function 'set_row' [-Wimplicit-function-declaration]
     set_row();
     ^~~~~~~
../src/main.c:78:8: warning: implicit declaration of function 'getkey'; did you mean 'getw'? [-Wimplicit-function-declaration]
     if(getkey()=='C')
        ^~~~~~
        getw
../src/main.c:94:5: warning: implicit declaration of function 'display_oled' [-Wimplicit-function-declaration]
     display_oled(buffer);
     ^~~~~~~~~~~~
../src/main.c: At top level:
../src/main.c:96:6: warning: conflicting types for 'display_oled'
 void display_oled(char *str){
      ^~~~~~~~~~~~
../src/main.c:94:5: note: previous implicit declaration of 'display_oled' was here
     display_oled(buffer);
     ^~~~~~~~~~~~
../src/main.c: In function 'display_oled':
../src/main.c:100:13: warning: implicit declaration of function 'spi_data' [-Wimplicit-function-declaration]
             spi_data(str[i]);     //for each non-NUL character of the string.
             ^~~~~~~~
../src/main.c: At top level:
../src/main.c:104:6: warning: conflicting types for 'show_digit'
 void show_digit()
      ^~~~~~~~~~
../src/main.c:72:5: note: previous implicit declaration of 'show_digit' was here
     show_digit();
     ^~~~~~~~~~
../src/main.c:111:6: warning: conflicting types for 'set_row'
 void set_row()
      ^~~~~~~
../src/main.c:76:5: note: previous implicit declaration of 'set_row' was here
     set_row();
     ^~~~~~~
../src/main.c:132:6: warning: conflicting types for 'update_hist'
 void update_hist(int cols)
      ^~~~~~~~~~~
../src/main.c:74:5: note: previous implicit declaration of 'update_hist' was here
     update_hist(cols);
     ^~~~~~~~~~~
../src/main.c:189:6: warning: conflicting types for 'spi_data'
 void spi_data(int n){
      ^~~~~~~~
../src/main.c:100:13: note: previous implicit declaration of 'spi_data' was here
             spi_data(str[i]);     //for each non-NUL character of the string.
             ^~~~~~~~
../src/main.c:195:6: warning: conflicting types for 'spi_cmd'
 void spi_cmd(int n){
      ^~~~~~~
../src/main.c:47:5: note: previous implicit declaration of 'spi_cmd' was here
     spi_cmd(0x38);
     ^~~~~~~
../src/main.c:201:6: warning: conflicting types for 'nano_wait'
 void nano_wait(unsigned int n) {
      ^~~~~~~~~
../src/main.c:46:5: note: previous implicit declaration of 'nano_wait' was here
     nano_wait(1000000);
     ^~~~~~~~~
Finished building: ../src/main.c
 
Building target: lab_prac2.elf
Invoking: MCU GCC Linker
arm-none-eabi-gcc -mcpu=cortex-m0 -mthumb -mfloat-abi=soft -T"C:/Users/trido/workspace/lab_prac2/LinkerScript.ld" -Wl,-Map=output.map -Wl,--gc-sections -o "lab_prac2.elf" @"objects.list"   -lm
Finished building target: lab_prac2.elf
 
make --no-print-directory post-build
Generating binary and Printing size information:
arm-none-eabi-objcopy -O binary "lab_prac2.elf" "lab_prac2.bin"
arm-none-eabi-size "lab_prac2.elf"
   text	   data	    bss	    dec	    hex	filename
  29780	   2492	   1200	  33472	   82c0	lab_prac2.elf
 
19:36:06 **** Incremental Build of configuration Debug for project lab_prac2 ****
make -j12 all 
make: Nothing to be done for 'all'.
19:36:24 **** Incremental Build of configuration Debug for project lab_prac2 ****
make -j12 all 
make: Nothing to be done for 'all'.
19:37:23 **** Incremental Build of configuration Debug for project lab_prac2 ****
make -j12 all 
make: Nothing to be done for 'all'.
19:43:21 **** Incremental Build of configuration Debug for project lab_prac2 ****
make -j12 all 
Building file: ../src/main.c
Invoking: MCU GCC Compiler
C:\Users\trido\workspace\lab_prac2\Debug
arm-none-eabi-gcc -mcpu=cortex-m0 -mthumb -mfloat-abi=soft -DSTM32 -DSTM32F0 -DSTM32F091RCTx -DDEBUG -DSTM32F091 -DUSE_STDPERIPH_DRIVER -I"C:/Users/trido/workspace/lab_prac2/StdPeriph_Driver/inc" -I"C:/Users/trido/workspace/lab_prac2/inc" -I"C:/Users/trido/workspace/lab_prac2/CMSIS/device" -I"C:/Users/trido/workspace/lab_prac2/CMSIS/core" -O0 -g3 -Wall -fmessage-length=0 -ffunction-sections -c -MMD -MP -MF"src/main.d" -MT"src/main.o" -o "src/main.o" "../src/main.c"
../src/main.c: In function 'main':
../src/main.c:45:5: warning: implicit declaration of function 'nano_wait' [-Wimplicit-function-declaration]
     nano_wait(1000000);
     ^~~~~~~~~
../src/main.c:46:5: warning: implicit declaration of function 'spi_cmd' [-Wimplicit-function-declaration]
     spi_cmd(0x38);
     ^~~~~~~
../src/main.c: In function 'TIM15_IRQHandler':
../src/main.c:71:5: warning: implicit declaration of function 'show_digit' [-Wimplicit-function-declaration]
     show_digit();
     ^~~~~~~~~~
../src/main.c:72:16: warning: implicit declaration of function 'get_cols'; did you mean 'fgetpos'? [-Wimplicit-function-declaration]
     int cols = get_cols();
                ^~~~~~~~
                fgetpos
../src/main.c:73:5: warning: implicit declaration of function 'update_hist' [-Wimplicit-function-declaration]
     update_hist(cols);
     ^~~~~~~~~~~
../src/main.c:75:5: warning: implicit declaration of function 'set_row' [-Wimplicit-function-declaration]
     set_row();
     ^~~~~~~
../src/main.c:77:8: warning: implicit declaration of function 'getkey'; did you mean 'getw'? [-Wimplicit-function-declaration]
     if(getkey()=='C')
        ^~~~~~
        getw
../src/main.c:93:5: warning: implicit declaration of function 'display_oled' [-Wimplicit-function-declaration]
     display_oled(buffer);
     ^~~~~~~~~~~~
../src/main.c: At top level:
../src/main.c:95:6: warning: conflicting types for 'display_oled'
 void display_oled(char *str){
      ^~~~~~~~~~~~
../src/main.c:93:5: note: previous implicit declaration of 'display_oled' was here
     display_oled(buffer);
     ^~~~~~~~~~~~
../src/main.c: In function 'display_oled':
../src/main.c:99:13: warning: implicit declaration of function 'spi_data' [-Wimplicit-function-declaration]
             spi_data(str[i]);     //for each non-NUL character of the string.
             ^~~~~~~~
../src/main.c: At top level:
../src/main.c:103:6: warning: conflicting types for 'show_digit'
 void show_digit()
      ^~~~~~~~~~
../src/main.c:71:5: note: previous implicit declaration of 'show_digit' was here
     show_digit();
     ^~~~~~~~~~
../src/main.c:110:6: warning: conflicting types for 'set_row'
 void set_row()
      ^~~~~~~
../src/main.c:75:5: note: previous implicit declaration of 'set_row' was here
     set_row();
     ^~~~~~~
../src/main.c:131:6: warning: conflicting types for 'update_hist'
 void update_hist(int cols)
      ^~~~~~~~~~~
../src/main.c:73:5: note: previous implicit declaration of 'update_hist' was here
     update_hist(cols);
     ^~~~~~~~~~~
../src/main.c:188:6: warning: conflicting types for 'spi_data'
 void spi_data(int n){
      ^~~~~~~~
../src/main.c:99:13: note: previous implicit declaration of 'spi_data' was here
             spi_data(str[i]);     //for each non-NUL character of the string.
             ^~~~~~~~
../src/main.c:194:6: warning: conflicting types for 'spi_cmd'
 void spi_cmd(int n){
      ^~~~~~~
../src/main.c:46:5: note: previous implicit declaration of 'spi_cmd' was here
     spi_cmd(0x38);
     ^~~~~~~
../src/main.c:200:6: warning: conflicting types for 'nano_wait'
 void nano_wait(unsigned int n) {
      ^~~~~~~~~
../src/main.c:45:5: note: previous implicit declaration of 'nano_wait' was here
     nano_wait(1000000);
     ^~~~~~~~~
Finished building: ../src/main.c
 
Building target: lab_prac2.elf
Invoking: MCU GCC Linker
arm-none-eabi-gcc -mcpu=cortex-m0 -mthumb -mfloat-abi=soft -T"C:/Users/trido/workspace/lab_prac2/LinkerScript.ld" -Wl,-Map=output.map -Wl,--gc-sections -o "lab_prac2.elf" @"objects.list"   -lm
Finished building target: lab_prac2.elf
 
make --no-print-directory post-build
Generating binary and Printing size information:
arm-none-eabi-objcopy -O binary "lab_prac2.elf" "lab_prac2.bin"
arm-none-eabi-size "lab_prac2.elf"
   text	   data	    bss	    dec	    hex	filename
  29780	   2492	   1200	  33472	   82c0	lab_prac2.elf
 
19:52:29 **** Incremental Build of configuration Debug for project lab6 ****
make -j12 all 
make: Nothing to be done for 'all'.
19:52:44 **** Incremental Build of configuration Debug for project lab6 ****
make -j12 all 
make: Nothing to be done for 'all'.
19:53:05 **** Incremental Build of configuration Debug for project lab_prac2 ****
make -j12 all 
make: Nothing to be done for 'all'.
19:56:44 **** Incremental Build of configuration Debug for project lab_prac2 ****
make -j12 all 
Building file: ../src/main.c
Invoking: MCU GCC Compiler
C:\Users\trido\workspace\lab_prac2\Debug
arm-none-eabi-gcc -mcpu=cortex-m0 -mthumb -mfloat-abi=soft -DSTM32 -DSTM32F0 -DSTM32F091RCTx -DDEBUG -DSTM32F091 -DUSE_STDPERIPH_DRIVER -I"C:/Users/trido/workspace/lab_prac2/StdPeriph_Driver/inc" -I"C:/Users/trido/workspace/lab_prac2/inc" -I"C:/Users/trido/workspace/lab_prac2/CMSIS/device" -I"C:/Users/trido/workspace/lab_prac2/CMSIS/core" -O0 -g3 -Wall -fmessage-length=0 -ffunction-sections -c -MMD -MP -MF"src/main.d" -MT"src/main.o" -o "src/main.o" "../src/main.c"
../src/main.c: In function 'main':
../src/main.c:46:5: warning: implicit declaration of function 'nano_wait' [-Wimplicit-function-declaration]
     nano_wait(1000000);
     ^~~~~~~~~
../src/main.c:47:5: warning: implicit declaration of function 'spi_cmd' [-Wimplicit-function-declaration]
     spi_cmd(0x38);
     ^~~~~~~
../src/main.c: In function 'TIM15_IRQHandler':
../src/main.c:72:5: warning: implicit declaration of function 'show_digit' [-Wimplicit-function-declaration]
     show_digit();
     ^~~~~~~~~~
../src/main.c:73:16: warning: implicit declaration of function 'get_cols'; did you mean 'fgetpos'? [-Wimplicit-function-declaration]
     int cols = get_cols();
                ^~~~~~~~
                fgetpos
../src/main.c:74:5: warning: implicit declaration of function 'update_hist' [-Wimplicit-function-declaration]
     update_hist(cols);
     ^~~~~~~~~~~
../src/main.c:76:5: warning: implicit declaration of function 'set_row' [-Wimplicit-function-declaration]
     set_row();
     ^~~~~~~
../src/main.c:78:8: warning: implicit declaration of function 'getkey'; did you mean 'getw'? [-Wimplicit-function-declaration]
     if(getkey()=='C')
        ^~~~~~
        getw
../src/main.c:94:5: warning: implicit declaration of function 'display_oled' [-Wimplicit-function-declaration]
     display_oled(buffer);
     ^~~~~~~~~~~~
../src/main.c: At top level:
../src/main.c:96:6: warning: conflicting types for 'display_oled'
 void display_oled(char *str){
      ^~~~~~~~~~~~
../src/main.c:94:5: note: previous implicit declaration of 'display_oled' was here
     display_oled(buffer);
     ^~~~~~~~~~~~
../src/main.c: In function 'display_oled':
../src/main.c:100:13: warning: implicit declaration of function 'spi_data' [-Wimplicit-function-declaration]
             spi_data(str[i]);     //for each non-NUL character of the string.
             ^~~~~~~~
../src/main.c: At top level:
../src/main.c:104:6: warning: conflicting types for 'show_digit'
 void show_digit()
      ^~~~~~~~~~
../src/main.c:72:5: note: previous implicit declaration of 'show_digit' was here
     show_digit();
     ^~~~~~~~~~
../src/main.c:111:6: warning: conflicting types for 'set_row'
 void set_row()
      ^~~~~~~
../src/main.c:76:5: note: previous implicit declaration of 'set_row' was here
     set_row();
     ^~~~~~~
../src/main.c:132:6: warning: conflicting types for 'update_hist'
 void update_hist(int cols)
      ^~~~~~~~~~~
../src/main.c:74:5: note: previous implicit declaration of 'update_hist' was here
     update_hist(cols);
     ^~~~~~~~~~~
../src/main.c:189:6: warning: conflicting types for 'spi_data'
 void spi_data(int n){
      ^~~~~~~~
../src/main.c:100:13: note: previous implicit declaration of 'spi_data' was here
             spi_data(str[i]);     //for each non-NUL character of the string.
             ^~~~~~~~
../src/main.c:195:6: warning: conflicting types for 'spi_cmd'
 void spi_cmd(int n){
      ^~~~~~~
../src/main.c:47:5: note: previous implicit declaration of 'spi_cmd' was here
     spi_cmd(0x38);
     ^~~~~~~
../src/main.c:201:6: warning: conflicting types for 'nano_wait'
 void nano_wait(unsigned int n) {
      ^~~~~~~~~
../src/main.c:46:5: note: previous implicit declaration of 'nano_wait' was here
     nano_wait(1000000);
     ^~~~~~~~~
Finished building: ../src/main.c
 
Building target: lab_prac2.elf
Invoking: MCU GCC Linker
arm-none-eabi-gcc -mcpu=cortex-m0 -mthumb -mfloat-abi=soft -T"C:/Users/trido/workspace/lab_prac2/LinkerScript.ld" -Wl,-Map=output.map -Wl,--gc-sections -o "lab_prac2.elf" @"objects.list"   -lm
Finished building target: lab_prac2.elf
 
make --no-print-directory post-build
Generating binary and Printing size information:
arm-none-eabi-objcopy -O binary "lab_prac2.elf" "lab_prac2.bin"
arm-none-eabi-size "lab_prac2.elf"
   text	   data	    bss	    dec	    hex	filename
  29780	   2492	   1200	  33472	   82c0	lab_prac2.elf
 
19:57:01 **** Incremental Build of configuration Debug for project lab_prac2 ****
make -j12 all 
Building file: ../src/main.c
Invoking: MCU GCC Compiler
C:\Users\trido\workspace\lab_prac2\Debug
arm-none-eabi-gcc -mcpu=cortex-m0 -mthumb -mfloat-abi=soft -DSTM32 -DSTM32F0 -DSTM32F091RCTx -DDEBUG -DSTM32F091 -DUSE_STDPERIPH_DRIVER -I"C:/Users/trido/workspace/lab_prac2/StdPeriph_Driver/inc" -I"C:/Users/trido/workspace/lab_prac2/inc" -I"C:/Users/trido/workspace/lab_prac2/CMSIS/device" -I"C:/Users/trido/workspace/lab_prac2/CMSIS/core" -O0 -g3 -Wall -fmessage-length=0 -ffunction-sections -c -MMD -MP -MF"src/main.d" -MT"src/main.o" -o "src/main.o" "../src/main.c"
../src/main.c: In function 'main':
../src/main.c:46:5: warning: implicit declaration of function 'nano_wait' [-Wimplicit-function-declaration]
     nano_wait(1000000);
     ^~~~~~~~~
../src/main.c:47:5: warning: implicit declaration of function 'spi_cmd' [-Wimplicit-function-declaration]
     spi_cmd(0x38);
     ^~~~~~~
../src/main.c: In function 'TIM15_IRQHandler':
../src/main.c:72:5: warning: implicit declaration of function 'show_digit' [-Wimplicit-function-declaration]
     show_digit();
     ^~~~~~~~~~
../src/main.c:73:16: warning: implicit declaration of function 'get_cols'; did you mean 'fgetpos'? [-Wimplicit-function-declaration]
     int cols = get_cols();
                ^~~~~~~~
                fgetpos
../src/main.c:74:5: warning: implicit declaration of function 'update_hist' [-Wimplicit-function-declaration]
     update_hist(cols);
     ^~~~~~~~~~~
../src/main.c:76:5: warning: implicit declaration of function 'set_row' [-Wimplicit-function-declaration]
     set_row();
     ^~~~~~~
../src/main.c:78:8: warning: implicit declaration of function 'getkey'; did you mean 'getw'? [-Wimplicit-function-declaration]
     if(getkey()=='C')
        ^~~~~~
        getw
../src/main.c:94:5: warning: implicit declaration of function 'display_oled' [-Wimplicit-function-declaration]
     display_oled(buffer);
     ^~~~~~~~~~~~
../src/main.c: At top level:
../src/main.c:96:6: warning: conflicting types for 'display_oled'
 void display_oled(char *str){
      ^~~~~~~~~~~~
../src/main.c:94:5: note: previous implicit declaration of 'display_oled' was here
     display_oled(buffer);
     ^~~~~~~~~~~~
../src/main.c: In function 'display_oled':
../src/main.c:100:13: warning: implicit declaration of function 'spi_data' [-Wimplicit-function-declaration]
             spi_data(str[i]);     //for each non-NUL character of the string.
             ^~~~~~~~
../src/main.c: At top level:
../src/main.c:104:6: warning: conflicting types for 'show_digit'
 void show_digit()
      ^~~~~~~~~~
../src/main.c:72:5: note: previous implicit declaration of 'show_digit' was here
     show_digit();
     ^~~~~~~~~~
../src/main.c:111:6: warning: conflicting types for 'set_row'
 void set_row()
      ^~~~~~~
../src/main.c:76:5: note: previous implicit declaration of 'set_row' was here
     set_row();
     ^~~~~~~
../src/main.c:132:6: warning: conflicting types for 'update_hist'
 void update_hist(int cols)
      ^~~~~~~~~~~
../src/main.c:74:5: note: previous implicit declaration of 'update_hist' was here
     update_hist(cols);
     ^~~~~~~~~~~
../src/main.c:189:6: warning: conflicting types for 'spi_data'
 void spi_data(int n){
      ^~~~~~~~
../src/main.c:100:13: note: previous implicit declaration of 'spi_data' was here
             spi_data(str[i]);     //for each non-NUL character of the string.
             ^~~~~~~~
../src/main.c:195:6: warning: conflicting types for 'spi_cmd'
 void spi_cmd(int n){
      ^~~~~~~
../src/main.c:47:5: note: previous implicit declaration of 'spi_cmd' was here
     spi_cmd(0x38);
     ^~~~~~~
../src/main.c:201:6: warning: conflicting types for 'nano_wait'
 void nano_wait(unsigned int n) {
      ^~~~~~~~~
../src/main.c:46:5: note: previous implicit declaration of 'nano_wait' was here
     nano_wait(1000000);
     ^~~~~~~~~
Finished building: ../src/main.c
 
Building target: lab_prac2.elf
Invoking: MCU GCC Linker
arm-none-eabi-gcc -mcpu=cortex-m0 -mthumb -mfloat-abi=soft -T"C:/Users/trido/workspace/lab_prac2/LinkerScript.ld" -Wl,-Map=output.map -Wl,--gc-sections -o "lab_prac2.elf" @"objects.list"   -lm
Finished building target: lab_prac2.elf
 
make --no-print-directory post-build
Generating binary and Printing size information:
arm-none-eabi-objcopy -O binary "lab_prac2.elf" "lab_prac2.bin"
arm-none-eabi-size "lab_prac2.elf"
   text	   data	    bss	    dec	    hex	filename
  29780	   2492	   1200	  33472	   82c0	lab_prac2.elf
 
19:59:43 **** Incremental Build of configuration Debug for project lab_prac2 ****
make -j12 all 
Building file: ../src/main.c
Invoking: MCU GCC Compiler
C:\Users\trido\workspace\lab_prac2\Debug
arm-none-eabi-gcc -mcpu=cortex-m0 -mthumb -mfloat-abi=soft -DSTM32 -DSTM32F0 -DSTM32F091RCTx -DDEBUG -DSTM32F091 -DUSE_STDPERIPH_DRIVER -I"C:/Users/trido/workspace/lab_prac2/StdPeriph_Driver/inc" -I"C:/Users/trido/workspace/lab_prac2/inc" -I"C:/Users/trido/workspace/lab_prac2/CMSIS/device" -I"C:/Users/trido/workspace/lab_prac2/CMSIS/core" -O0 -g3 -Wall -fmessage-length=0 -ffunction-sections -c -MMD -MP -MF"src/main.d" -MT"src/main.o" -o "src/main.o" "../src/main.c"
../src/main.c: In function 'main':
../src/main.c:46:5: warning: implicit declaration of function 'nano_wait' [-Wimplicit-function-declaration]
     nano_wait(1000000);
     ^~~~~~~~~
../src/main.c:47:5: warning: implicit declaration of function 'spi_cmd' [-Wimplicit-function-declaration]
     spi_cmd(0x38);
     ^~~~~~~
../src/main.c: In function 'TIM15_IRQHandler':
../src/main.c:60:5: warning: implicit declaration of function 'show_digit' [-Wimplicit-function-declaration]
     show_digit();
     ^~~~~~~~~~
../src/main.c:61:16: warning: implicit declaration of function 'get_cols'; did you mean 'fgetpos'? [-Wimplicit-function-declaration]
     int cols = get_cols();
                ^~~~~~~~
                fgetpos
../src/main.c:62:5: warning: implicit declaration of function 'update_hist' [-Wimplicit-function-declaration]
     update_hist(cols);
     ^~~~~~~~~~~
../src/main.c:64:5: warning: implicit declaration of function 'set_row' [-Wimplicit-function-declaration]
     set_row();
     ^~~~~~~
../src/main.c:66:8: warning: implicit declaration of function 'getkey'; did you mean 'getw'? [-Wimplicit-function-declaration]
     if(getkey()=='C')
        ^~~~~~
        getw
../src/main.c:82:5: warning: implicit declaration of function 'display_oled' [-Wimplicit-function-declaration]
     display_oled(buffer);
     ^~~~~~~~~~~~
../src/main.c: At top level:
../src/main.c:84:6: warning: conflicting types for 'display_oled'
 void display_oled(char *str){
      ^~~~~~~~~~~~
../src/main.c:82:5: note: previous implicit declaration of 'display_oled' was here
     display_oled(buffer);
     ^~~~~~~~~~~~
../src/main.c: In function 'display_oled':
../src/main.c:88:13: warning: implicit declaration of function 'spi_data' [-Wimplicit-function-declaration]
             spi_data(str[i]);     //for each non-NUL character of the string.
             ^~~~~~~~
../src/main.c: At top level:
../src/main.c:92:6: warning: conflicting types for 'show_digit'
 void show_digit()
      ^~~~~~~~~~
../src/main.c:60:5: note: previous implicit declaration of 'show_digit' was here
     show_digit();
     ^~~~~~~~~~
../src/main.c:99:6: warning: conflicting types for 'set_row'
 void set_row()
      ^~~~~~~
../src/main.c:64:5: note: previous implicit declaration of 'set_row' was here
     set_row();
     ^~~~~~~
../src/main.c:120:6: warning: conflicting types for 'update_hist'
 void update_hist(int cols)
      ^~~~~~~~~~~
../src/main.c:62:5: note: previous implicit declaration of 'update_hist' was here
     update_hist(cols);
     ^~~~~~~~~~~
../src/main.c:177:6: warning: conflicting types for 'spi_data'
 void spi_data(int n){
      ^~~~~~~~
../src/main.c:88:13: note: previous implicit declaration of 'spi_data' was here
             spi_data(str[i]);     //for each non-NUL character of the string.
             ^~~~~~~~
../src/main.c:183:6: warning: conflicting types for 'spi_cmd'
 void spi_cmd(int n){
      ^~~~~~~
../src/main.c:47:5: note: previous implicit declaration of 'spi_cmd' was here
     spi_cmd(0x38);
     ^~~~~~~
../src/main.c:189:6: warning: conflicting types for 'nano_wait'
 void nano_wait(unsigned int n) {
      ^~~~~~~~~
../src/main.c:46:5: note: previous implicit declaration of 'nano_wait' was here
     nano_wait(1000000);
     ^~~~~~~~~
Finished building: ../src/main.c
 
Building target: lab_prac2.elf
Invoking: MCU GCC Linker
arm-none-eabi-gcc -mcpu=cortex-m0 -mthumb -mfloat-abi=soft -T"C:/Users/trido/workspace/lab_prac2/LinkerScript.ld" -Wl,-Map=output.map -Wl,--gc-sections -o "lab_prac2.elf" @"objects.list"   -lm
Finished building target: lab_prac2.elf
 
make --no-print-directory post-build
Generating binary and Printing size information:
arm-none-eabi-objcopy -O binary "lab_prac2.elf" "lab_prac2.bin"
arm-none-eabi-size "lab_prac2.elf"
   text	   data	    bss	    dec	    hex	filename
  29644	   2492	   1200	  33336	   8238	lab_prac2.elf
 
20:00:06 **** Incremental Build of configuration Debug for project lab_prac2 ****
make -j12 all 
Building file: ../src/main.c
Invoking: MCU GCC Compiler
C:\Users\trido\workspace\lab_prac2\Debug
arm-none-eabi-gcc -mcpu=cortex-m0 -mthumb -mfloat-abi=soft -DSTM32 -DSTM32F0 -DSTM32F091RCTx -DDEBUG -DSTM32F091 -DUSE_STDPERIPH_DRIVER -I"C:/Users/trido/workspace/lab_prac2/StdPeriph_Driver/inc" -I"C:/Users/trido/workspace/lab_prac2/inc" -I"C:/Users/trido/workspace/lab_prac2/CMSIS/device" -I"C:/Users/trido/workspace/lab_prac2/CMSIS/core" -O0 -g3 -Wall -fmessage-length=0 -ffunction-sections -c -MMD -MP -MF"src/main.d" -MT"src/main.o" -o "src/main.o" "../src/main.c"
../src/main.c: In function 'main':
../src/main.c:46:5: warning: implicit declaration of function 'nano_wait' [-Wimplicit-function-declaration]
     nano_wait(1000000);
     ^~~~~~~~~
../src/main.c:47:5: warning: implicit declaration of function 'spi_cmd' [-Wimplicit-function-declaration]
     spi_cmd(0x38);
     ^~~~~~~
../src/main.c: In function 'TIM15_IRQHandler':
../src/main.c:60:16: warning: implicit declaration of function 'get_cols'; did you mean 'fgetpos'? [-Wimplicit-function-declaration]
     int cols = get_cols();
                ^~~~~~~~
                fgetpos
../src/main.c:61:5: warning: implicit declaration of function 'update_hist' [-Wimplicit-function-declaration]
     update_hist(cols);
     ^~~~~~~~~~~
../src/main.c:63:5: warning: implicit declaration of function 'set_row' [-Wimplicit-function-declaration]
     set_row();
     ^~~~~~~
../src/main.c:65:8: warning: implicit declaration of function 'getkey'; did you mean 'getw'? [-Wimplicit-function-declaration]
     if(getkey()=='C')
        ^~~~~~
        getw
../src/main.c:81:5: warning: implicit declaration of function 'display_oled' [-Wimplicit-function-declaration]
     display_oled(buffer);
     ^~~~~~~~~~~~
../src/main.c: At top level:
../src/main.c:83:6: warning: conflicting types for 'display_oled'
 void display_oled(char *str){
      ^~~~~~~~~~~~
../src/main.c:81:5: note: previous implicit declaration of 'display_oled' was here
     display_oled(buffer);
     ^~~~~~~~~~~~
../src/main.c: In function 'display_oled':
../src/main.c:87:13: warning: implicit declaration of function 'spi_data' [-Wimplicit-function-declaration]
             spi_data(str[i]);     //for each non-NUL character of the string.
             ^~~~~~~~
../src/main.c: At top level:
../src/main.c:98:6: warning: conflicting types for 'set_row'
 void set_row()
      ^~~~~~~
../src/main.c:63:5: note: previous implicit declaration of 'set_row' was here
     set_row();
     ^~~~~~~
../src/main.c:119:6: warning: conflicting types for 'update_hist'
 void update_hist(int cols)
      ^~~~~~~~~~~
../src/main.c:61:5: note: previous implicit declaration of 'update_hist' was here
     update_hist(cols);
     ^~~~~~~~~~~
../src/main.c:176:6: warning: conflicting types for 'spi_data'
 void spi_data(int n){
      ^~~~~~~~
../src/main.c:87:13: note: previous implicit declaration of 'spi_data' was here
             spi_data(str[i]);     //for each non-NUL character of the string.
             ^~~~~~~~
../src/main.c:182:6: warning: conflicting types for 'spi_cmd'
 void spi_cmd(int n){
      ^~~~~~~
../src/main.c:47:5: note: previous implicit declaration of 'spi_cmd' was here
     spi_cmd(0x38);
     ^~~~~~~
../src/main.c:188:6: warning: conflicting types for 'nano_wait'
 void nano_wait(unsigned int n) {
      ^~~~~~~~~
../src/main.c:46:5: note: previous implicit declaration of 'nano_wait' was here
     nano_wait(1000000);
     ^~~~~~~~~
Finished building: ../src/main.c
 
Building target: lab_prac2.elf
Invoking: MCU GCC Linker
arm-none-eabi-gcc -mcpu=cortex-m0 -mthumb -mfloat-abi=soft -T"C:/Users/trido/workspace/lab_prac2/LinkerScript.ld" -Wl,-Map=output.map -Wl,--gc-sections -o "lab_prac2.elf" @"objects.list"   -lm
Finished building target: lab_prac2.elf
 
make --no-print-directory post-build
Generating binary and Printing size information:
arm-none-eabi-objcopy -O binary "lab_prac2.elf" "lab_prac2.bin"
arm-none-eabi-size "lab_prac2.elf"
   text	   data	    bss	    dec	    hex	filename
  29576	   2492	   1200	  33268	   81f4	lab_prac2.elf
 
20:00:22 **** Incremental Build of configuration Debug for project lab_prac2 ****
make -j12 all 
Building file: ../src/main.c
Invoking: MCU GCC Compiler
C:\Users\trido\workspace\lab_prac2\Debug
arm-none-eabi-gcc -mcpu=cortex-m0 -mthumb -mfloat-abi=soft -DSTM32 -DSTM32F0 -DSTM32F091RCTx -DDEBUG -DSTM32F091 -DUSE_STDPERIPH_DRIVER -I"C:/Users/trido/workspace/lab_prac2/StdPeriph_Driver/inc" -I"C:/Users/trido/workspace/lab_prac2/inc" -I"C:/Users/trido/workspace/lab_prac2/CMSIS/device" -I"C:/Users/trido/workspace/lab_prac2/CMSIS/core" -O0 -g3 -Wall -fmessage-length=0 -ffunction-sections -c -MMD -MP -MF"src/main.d" -MT"src/main.o" -o "src/main.o" "../src/main.c"
../src/main.c: In function 'main':
../src/main.c:46:5: warning: implicit declaration of function 'nano_wait' [-Wimplicit-function-declaration]
     nano_wait(1000000);
     ^~~~~~~~~
../src/main.c:47:5: warning: implicit declaration of function 'spi_cmd' [-Wimplicit-function-declaration]
     spi_cmd(0x38);
     ^~~~~~~
../src/main.c: In function 'TIM15_IRQHandler':
../src/main.c:60:5: warning: implicit declaration of function 'show_digit' [-Wimplicit-function-declaration]
     show_digit();
     ^~~~~~~~~~
../src/main.c:61:16: warning: implicit declaration of function 'get_cols'; did you mean 'fgetpos'? [-Wimplicit-function-declaration]
     int cols = get_cols();
                ^~~~~~~~
                fgetpos
../src/main.c:62:5: warning: implicit declaration of function 'update_hist' [-Wimplicit-function-declaration]
     update_hist(cols);
     ^~~~~~~~~~~
../src/main.c:64:5: warning: implicit declaration of function 'set_row' [-Wimplicit-function-declaration]
     set_row();
     ^~~~~~~
../src/main.c:66:8: warning: implicit declaration of function 'getkey'; did you mean 'getw'? [-Wimplicit-function-declaration]
     if(getkey()=='C')
        ^~~~~~
        getw
../src/main.c:82:5: warning: implicit declaration of function 'display_oled' [-Wimplicit-function-declaration]
     display_oled(buffer);
     ^~~~~~~~~~~~
../src/main.c: At top level:
../src/main.c:84:6: warning: conflicting types for 'display_oled'
 void display_oled(char *str){
      ^~~~~~~~~~~~
../src/main.c:82:5: note: previous implicit declaration of 'display_oled' was here
     display_oled(buffer);
     ^~~~~~~~~~~~
../src/main.c: In function 'display_oled':
../src/main.c:88:13: warning: implicit declaration of function 'spi_data' [-Wimplicit-function-declaration]
             spi_data(str[i]);     //for each non-NUL character of the string.
             ^~~~~~~~
../src/main.c: At top level:
../src/main.c:92:6: warning: conflicting types for 'show_digit'
 void show_digit()
      ^~~~~~~~~~
../src/main.c:60:5: note: previous implicit declaration of 'show_digit' was here
     show_digit();
     ^~~~~~~~~~
../src/main.c:99:6: warning: conflicting types for 'set_row'
 void set_row()
      ^~~~~~~
../src/main.c:64:5: note: previous implicit declaration of 'set_row' was here
     set_row();
     ^~~~~~~
../src/main.c:120:6: warning: conflicting types for 'update_hist'
 void update_hist(int cols)
      ^~~~~~~~~~~
../src/main.c:62:5: note: previous implicit declaration of 'update_hist' was here
     update_hist(cols);
     ^~~~~~~~~~~
../src/main.c:177:6: warning: conflicting types for 'spi_data'
 void spi_data(int n){
      ^~~~~~~~
../src/main.c:88:13: note: previous implicit declaration of 'spi_data' was here
             spi_data(str[i]);     //for each non-NUL character of the string.
             ^~~~~~~~
../src/main.c:183:6: warning: conflicting types for 'spi_cmd'
 void spi_cmd(int n){
      ^~~~~~~
../src/main.c:47:5: note: previous implicit declaration of 'spi_cmd' was here
     spi_cmd(0x38);
     ^~~~~~~
../src/main.c:189:6: warning: conflicting types for 'nano_wait'
 void nano_wait(unsigned int n) {
      ^~~~~~~~~
../src/main.c:46:5: note: previous implicit declaration of 'nano_wait' was here
     nano_wait(1000000);
     ^~~~~~~~~
Finished building: ../src/main.c
 
Building target: lab_prac2.elf
Invoking: MCU GCC Linker
arm-none-eabi-gcc -mcpu=cortex-m0 -mthumb -mfloat-abi=soft -T"C:/Users/trido/workspace/lab_prac2/LinkerScript.ld" -Wl,-Map=output.map -Wl,--gc-sections -o "lab_prac2.elf" @"objects.list"   -lm
Finished building target: lab_prac2.elf
 
make --no-print-directory post-build
Generating binary and Printing size information:
arm-none-eabi-objcopy -O binary "lab_prac2.elf" "lab_prac2.bin"
arm-none-eabi-size "lab_prac2.elf"
   text	   data	    bss	    dec	    hex	filename
  29644	   2492	   1200	  33336	   8238	lab_prac2.elf
 
20:01:18 **** Incremental Build of configuration Debug for project lab_prac2 ****
make -j12 all 
Building file: ../src/main.c
Invoking: MCU GCC Compiler
C:\Users\trido\workspace\lab_prac2\Debug
arm-none-eabi-gcc -mcpu=cortex-m0 -mthumb -mfloat-abi=soft -DSTM32 -DSTM32F0 -DSTM32F091RCTx -DDEBUG -DSTM32F091 -DUSE_STDPERIPH_DRIVER -I"C:/Users/trido/workspace/lab_prac2/StdPeriph_Driver/inc" -I"C:/Users/trido/workspace/lab_prac2/inc" -I"C:/Users/trido/workspace/lab_prac2/CMSIS/device" -I"C:/Users/trido/workspace/lab_prac2/CMSIS/core" -O0 -g3 -Wall -fmessage-length=0 -ffunction-sections -c -MMD -MP -MF"src/main.d" -MT"src/main.o" -o "src/main.o" "../src/main.c"
../src/main.c: In function 'main':
../src/main.c:47:5: warning: implicit declaration of function 'nano_wait' [-Wimplicit-function-declaration]
     nano_wait(1000000);
     ^~~~~~~~~
../src/main.c:48:5: warning: implicit declaration of function 'spi_cmd' [-Wimplicit-function-declaration]
     spi_cmd(0x38);
     ^~~~~~~
../src/main.c: In function 'TIM15_IRQHandler':
../src/main.c:61:5: warning: implicit declaration of function 'show_digit' [-Wimplicit-function-declaration]
     show_digit();
     ^~~~~~~~~~
../src/main.c:62:16: warning: implicit declaration of function 'get_cols'; did you mean 'fgetpos'? [-Wimplicit-function-declaration]
     int cols = get_cols();
                ^~~~~~~~
                fgetpos
../src/main.c:63:5: warning: implicit declaration of function 'update_hist' [-Wimplicit-function-declaration]
     update_hist(cols);
     ^~~~~~~~~~~
../src/main.c:65:5: warning: implicit declaration of function 'set_row' [-Wimplicit-function-declaration]
     set_row();
     ^~~~~~~
../src/main.c:67:8: warning: implicit declaration of function 'getkey'; did you mean 'getw'? [-Wimplicit-function-declaration]
     if(getkey()=='C')
        ^~~~~~
        getw
../src/main.c:83:5: warning: implicit declaration of function 'display_oled' [-Wimplicit-function-declaration]
     display_oled(buffer);
     ^~~~~~~~~~~~
../src/main.c: At top level:
../src/main.c:85:6: warning: conflicting types for 'display_oled'
 void display_oled(char *str){
      ^~~~~~~~~~~~
../src/main.c:83:5: note: previous implicit declaration of 'display_oled' was here
     display_oled(buffer);
     ^~~~~~~~~~~~
../src/main.c: In function 'display_oled':
../src/main.c:89:13: warning: implicit declaration of function 'spi_data' [-Wimplicit-function-declaration]
             spi_data(str[i]);     //for each non-NUL character of the string.
             ^~~~~~~~
../src/main.c: At top level:
../src/main.c:93:6: warning: conflicting types for 'show_digit'
 void show_digit()
      ^~~~~~~~~~
../src/main.c:61:5: note: previous implicit declaration of 'show_digit' was here
     show_digit();
     ^~~~~~~~~~
../src/main.c:100:6: warning: conflicting types for 'set_row'
 void set_row()
      ^~~~~~~
../src/main.c:65:5: note: previous implicit declaration of 'set_row' was here
     set_row();
     ^~~~~~~
../src/main.c:121:6: warning: conflicting types for 'update_hist'
 void update_hist(int cols)
      ^~~~~~~~~~~
../src/main.c:63:5: note: previous implicit declaration of 'update_hist' was here
     update_hist(cols);
     ^~~~~~~~~~~
../src/main.c:178:6: warning: conflicting types for 'spi_data'
 void spi_data(int n){
      ^~~~~~~~
../src/main.c:89:13: note: previous implicit declaration of 'spi_data' was here
             spi_data(str[i]);     //for each non-NUL character of the string.
             ^~~~~~~~
../src/main.c:184:6: warning: conflicting types for 'spi_cmd'
 void spi_cmd(int n){
      ^~~~~~~
../src/main.c:48:5: note: previous implicit declaration of 'spi_cmd' was here
     spi_cmd(0x38);
     ^~~~~~~
../src/main.c:190:6: warning: conflicting types for 'nano_wait'
 void nano_wait(unsigned int n) {
      ^~~~~~~~~
../src/main.c:47:5: note: previous implicit declaration of 'nano_wait' was here
     nano_wait(1000000);
     ^~~~~~~~~
Finished building: ../src/main.c
 
Building target: lab_prac2.elf
Invoking: MCU GCC Linker
arm-none-eabi-gcc -mcpu=cortex-m0 -mthumb -mfloat-abi=soft -T"C:/Users/trido/workspace/lab_prac2/LinkerScript.ld" -Wl,-Map=output.map -Wl,--gc-sections -o "lab_prac2.elf" @"objects.list"   -lm
Finished building target: lab_prac2.elf
 
make --no-print-directory post-build
Generating binary and Printing size information:
arm-none-eabi-objcopy -O binary "lab_prac2.elf" "lab_prac2.bin"
arm-none-eabi-size "lab_prac2.elf"
   text	   data	    bss	    dec	    hex	filename
  29644	   2492	   1200	  33336	   8238	lab_prac2.elf
 
20:01:47 **** Incremental Build of configuration Debug for project lab_prac2 ****
make -j12 all 
Building file: ../src/main.c
Invoking: MCU GCC Compiler
C:\Users\trido\workspace\lab_prac2\Debug
arm-none-eabi-gcc -mcpu=cortex-m0 -mthumb -mfloat-abi=soft -DSTM32 -DSTM32F0 -DSTM32F091RCTx -DDEBUG -DSTM32F091 -DUSE_STDPERIPH_DRIVER -I"C:/Users/trido/workspace/lab_prac2/StdPeriph_Driver/inc" -I"C:/Users/trido/workspace/lab_prac2/inc" -I"C:/Users/trido/workspace/lab_prac2/CMSIS/device" -I"C:/Users/trido/workspace/lab_prac2/CMSIS/core" -O0 -g3 -Wall -fmessage-length=0 -ffunction-sections -c -MMD -MP -MF"src/main.d" -MT"src/main.o" -o "src/main.o" "../src/main.c"
../src/main.c: In function 'main':
../src/main.c:48:5: warning: implicit declaration of function 'nano_wait' [-Wimplicit-function-declaration]
     nano_wait(1000000);
     ^~~~~~~~~
../src/main.c:49:5: warning: implicit declaration of function 'spi_cmd' [-Wimplicit-function-declaration]
     spi_cmd(0x38);
     ^~~~~~~
../src/main.c: In function 'TIM15_IRQHandler':
../src/main.c:62:5: warning: implicit declaration of function 'show_digit' [-Wimplicit-function-declaration]
     show_digit();
     ^~~~~~~~~~
../src/main.c:63:16: warning: implicit declaration of function 'get_cols'; did you mean 'fgetpos'? [-Wimplicit-function-declaration]
     int cols = get_cols();
                ^~~~~~~~
                fgetpos
../src/main.c:64:5: warning: implicit declaration of function 'update_hist' [-Wimplicit-function-declaration]
     update_hist(cols);
     ^~~~~~~~~~~
../src/main.c:66:5: warning: implicit declaration of function 'set_row' [-Wimplicit-function-declaration]
     set_row();
     ^~~~~~~
../src/main.c:68:8: warning: implicit declaration of function 'getkey'; did you mean 'getw'? [-Wimplicit-function-declaration]
     if(getkey()=='C')
        ^~~~~~
        getw
../src/main.c:84:5: warning: implicit declaration of function 'display_oled' [-Wimplicit-function-declaration]
     display_oled(buffer);
     ^~~~~~~~~~~~
../src/main.c: At top level:
../src/main.c:86:6: warning: conflicting types for 'display_oled'
 void display_oled(char *str){
      ^~~~~~~~~~~~
../src/main.c:84:5: note: previous implicit declaration of 'display_oled' was here
     display_oled(buffer);
     ^~~~~~~~~~~~
../src/main.c: In function 'display_oled':
../src/main.c:90:13: warning: implicit declaration of function 'spi_data' [-Wimplicit-function-declaration]
             spi_data(str[i]);     //for each non-NUL character of the string.
             ^~~~~~~~
../src/main.c: At top level:
../src/main.c:94:6: warning: conflicting types for 'show_digit'
 void show_digit()
      ^~~~~~~~~~
../src/main.c:62:5: note: previous implicit declaration of 'show_digit' was here
     show_digit();
     ^~~~~~~~~~
../src/main.c:101:6: warning: conflicting types for 'set_row'
 void set_row()
      ^~~~~~~
../src/main.c:66:5: note: previous implicit declaration of 'set_row' was here
     set_row();
     ^~~~~~~
../src/main.c:122:6: warning: conflicting types for 'update_hist'
 void update_hist(int cols)
      ^~~~~~~~~~~
../src/main.c:64:5: note: previous implicit declaration of 'update_hist' was here
     update_hist(cols);
     ^~~~~~~~~~~
../src/main.c:179:6: warning: conflicting types for 'spi_data'
 void spi_data(int n){
      ^~~~~~~~
../src/main.c:90:13: note: previous implicit declaration of 'spi_data' was here
             spi_data(str[i]);     //for each non-NUL character of the string.
             ^~~~~~~~
../src/main.c:185:6: warning: conflicting types for 'spi_cmd'
 void spi_cmd(int n){
      ^~~~~~~
../src/main.c:49:5: note: previous implicit declaration of 'spi_cmd' was here
     spi_cmd(0x38);
     ^~~~~~~
../src/main.c:191:6: warning: conflicting types for 'nano_wait'
 void nano_wait(unsigned int n) {
      ^~~~~~~~~
../src/main.c:48:5: note: previous implicit declaration of 'nano_wait' was here
     nano_wait(1000000);
     ^~~~~~~~~
Finished building: ../src/main.c
 
Building target: lab_prac2.elf
Invoking: MCU GCC Linker
arm-none-eabi-gcc -mcpu=cortex-m0 -mthumb -mfloat-abi=soft -T"C:/Users/trido/workspace/lab_prac2/LinkerScript.ld" -Wl,-Map=output.map -Wl,--gc-sections -o "lab_prac2.elf" @"objects.list"   -lm
Finished building target: lab_prac2.elf
 
make --no-print-directory post-build
Generating binary and Printing size information:
arm-none-eabi-objcopy -O binary "lab_prac2.elf" "lab_prac2.bin"
arm-none-eabi-size "lab_prac2.elf"
   text	   data	    bss	    dec	    hex	filename
  29656	   2492	   1200	  33348	   8244	lab_prac2.elf
 
20:03:33 **** Incremental Build of configuration Debug for project lab_prac2 ****
make -j12 all 
Building file: ../src/main.c
Invoking: MCU GCC Compiler
C:\Users\trido\workspace\lab_prac2\Debug
arm-none-eabi-gcc -mcpu=cortex-m0 -mthumb -mfloat-abi=soft -DSTM32 -DSTM32F0 -DSTM32F091RCTx -DDEBUG -DSTM32F091 -DUSE_STDPERIPH_DRIVER -I"C:/Users/trido/workspace/lab_prac2/StdPeriph_Driver/inc" -I"C:/Users/trido/workspace/lab_prac2/inc" -I"C:/Users/trido/workspace/lab_prac2/CMSIS/device" -I"C:/Users/trido/workspace/lab_prac2/CMSIS/core" -O0 -g3 -Wall -fmessage-length=0 -ffunction-sections -c -MMD -MP -MF"src/main.d" -MT"src/main.o" -o "src/main.o" "../src/main.c"
../src/main.c: In function 'main':
../src/main.c:47:5: warning: implicit declaration of function 'nano_wait' [-Wimplicit-function-declaration]
     nano_wait(1000000);
     ^~~~~~~~~
../src/main.c:48:5: warning: implicit declaration of function 'spi_cmd' [-Wimplicit-function-declaration]
     spi_cmd(0x38);
     ^~~~~~~
../src/main.c: In function 'TIM15_IRQHandler':
../src/main.c:61:5: warning: implicit declaration of function 'show_digit' [-Wimplicit-function-declaration]
     show_digit();
     ^~~~~~~~~~
../src/main.c:62:16: warning: implicit declaration of function 'get_cols'; did you mean 'fgetpos'? [-Wimplicit-function-declaration]
     int cols = get_cols();
                ^~~~~~~~
                fgetpos
../src/main.c:63:5: warning: implicit declaration of function 'update_hist' [-Wimplicit-function-declaration]
     update_hist(cols);
     ^~~~~~~~~~~
../src/main.c:65:5: warning: implicit declaration of function 'set_row' [-Wimplicit-function-declaration]
     set_row();
     ^~~~~~~
../src/main.c:67:8: warning: implicit declaration of function 'getkey'; did you mean 'getw'? [-Wimplicit-function-declaration]
     if(getkey()=='C')
        ^~~~~~
        getw
../src/main.c:83:5: warning: implicit declaration of function 'display_oled' [-Wimplicit-function-declaration]
     display_oled(buffer);
     ^~~~~~~~~~~~
../src/main.c: At top level:
../src/main.c:85:6: warning: conflicting types for 'display_oled'
 void display_oled(char *str){
      ^~~~~~~~~~~~
../src/main.c:83:5: note: previous implicit declaration of 'display_oled' was here
     display_oled(buffer);
     ^~~~~~~~~~~~
../src/main.c: In function 'display_oled':
../src/main.c:89:13: warning: implicit declaration of function 'spi_data' [-Wimplicit-function-declaration]
             spi_data(str[i]);     //for each non-NUL character of the string.
             ^~~~~~~~
../src/main.c: At top level:
../src/main.c:93:6: warning: conflicting types for 'show_digit'
 void show_digit()
      ^~~~~~~~~~
../src/main.c:61:5: note: previous implicit declaration of 'show_digit' was here
     show_digit();
     ^~~~~~~~~~
../src/main.c:100:6: warning: conflicting types for 'set_row'
 void set_row()
      ^~~~~~~
../src/main.c:65:5: note: previous implicit declaration of 'set_row' was here
     set_row();
     ^~~~~~~
../src/main.c:121:6: warning: conflicting types for 'update_hist'
 void update_hist(int cols)
      ^~~~~~~~~~~
../src/main.c:63:5: note: previous implicit declaration of 'update_hist' was here
     update_hist(cols);
     ^~~~~~~~~~~
../src/main.c:178:6: warning: conflicting types for 'spi_data'
 void spi_data(int n){
      ^~~~~~~~
../src/main.c:89:13: note: previous implicit declaration of 'spi_data' was here
             spi_data(str[i]);     //for each non-NUL character of the string.
             ^~~~~~~~
../src/main.c:184:6: warning: conflicting types for 'spi_cmd'
 void spi_cmd(int n){
      ^~~~~~~
../src/main.c:48:5: note: previous implicit declaration of 'spi_cmd' was here
     spi_cmd(0x38);
     ^~~~~~~
../src/main.c:190:6: warning: conflicting types for 'nano_wait'
 void nano_wait(unsigned int n) {
      ^~~~~~~~~
../src/main.c:47:5: note: previous implicit declaration of 'nano_wait' was here
     nano_wait(1000000);
     ^~~~~~~~~
Finished building: ../src/main.c
 
Building target: lab_prac2.elf
Invoking: MCU GCC Linker
arm-none-eabi-gcc -mcpu=cortex-m0 -mthumb -mfloat-abi=soft -T"C:/Users/trido/workspace/lab_prac2/LinkerScript.ld" -Wl,-Map=output.map -Wl,--gc-sections -o "lab_prac2.elf" @"objects.list"   -lm
Finished building target: lab_prac2.elf
 
make --no-print-directory post-build
Generating binary and Printing size information:
arm-none-eabi-objcopy -O binary "lab_prac2.elf" "lab_prac2.bin"
arm-none-eabi-size "lab_prac2.elf"
   text	   data	    bss	    dec	    hex	filename
  29644	   2492	   1200	  33336	   8238	lab_prac2.elf
 
20:05:43 **** Incremental Build of configuration Debug for project lab_prac2 ****
make -j12 all 
Building file: ../src/main.c
Invoking: MCU GCC Compiler
C:\Users\trido\workspace\lab_prac2\Debug
arm-none-eabi-gcc -mcpu=cortex-m0 -mthumb -mfloat-abi=soft -DSTM32 -DSTM32F0 -DSTM32F091RCTx -DDEBUG -DSTM32F091 -DUSE_STDPERIPH_DRIVER -I"C:/Users/trido/workspace/lab_prac2/StdPeriph_Driver/inc" -I"C:/Users/trido/workspace/lab_prac2/inc" -I"C:/Users/trido/workspace/lab_prac2/CMSIS/device" -I"C:/Users/trido/workspace/lab_prac2/CMSIS/core" -O0 -g3 -Wall -fmessage-length=0 -ffunction-sections -c -MMD -MP -MF"src/main.d" -MT"src/main.o" -o "src/main.o" "../src/main.c"
../src/main.c: In function 'main':
../src/main.c:47:5: warning: implicit declaration of function 'nano_wait' [-Wimplicit-function-declaration]
     nano_wait(1000000);
     ^~~~~~~~~
../src/main.c:48:5: warning: implicit declaration of function 'spi_cmd' [-Wimplicit-function-declaration]
     spi_cmd(0x38);
     ^~~~~~~
../src/main.c: In function 'TIM15_IRQHandler':
../src/main.c:61:5: warning: implicit declaration of function 'show_digit' [-Wimplicit-function-declaration]
     show_digit();
     ^~~~~~~~~~
../src/main.c:62:16: warning: implicit declaration of function 'get_cols'; did you mean 'fgetpos'? [-Wimplicit-function-declaration]
     int cols = get_cols();
                ^~~~~~~~
                fgetpos
../src/main.c:63:5: warning: implicit declaration of function 'update_hist' [-Wimplicit-function-declaration]
     update_hist(cols);
     ^~~~~~~~~~~
../src/main.c:65:5: warning: implicit declaration of function 'set_row' [-Wimplicit-function-declaration]
     set_row();
     ^~~~~~~
../src/main.c:67:8: warning: implicit declaration of function 'getkey'; did you mean 'getw'? [-Wimplicit-function-declaration]
     if(getkey()=='C')
        ^~~~~~
        getw
../src/main.c:83:5: warning: implicit declaration of function 'display_oled' [-Wimplicit-function-declaration]
     display_oled(buffer);
     ^~~~~~~~~~~~
../src/main.c: At top level:
../src/main.c:85:6: warning: conflicting types for 'display_oled'
 void display_oled(char *str){
      ^~~~~~~~~~~~
../src/main.c:83:5: note: previous implicit declaration of 'display_oled' was here
     display_oled(buffer);
     ^~~~~~~~~~~~
../src/main.c: In function 'display_oled':
../src/main.c:89:13: warning: implicit declaration of function 'spi_data' [-Wimplicit-function-declaration]
             spi_data(str[i]);     //for each non-NUL character of the string.
             ^~~~~~~~
../src/main.c: At top level:
../src/main.c:93:6: warning: conflicting types for 'show_digit'
 void show_digit()
      ^~~~~~~~~~
../src/main.c:61:5: note: previous implicit declaration of 'show_digit' was here
     show_digit();
     ^~~~~~~~~~
../src/main.c:100:6: warning: conflicting types for 'set_row'
 void set_row()
      ^~~~~~~
../src/main.c:65:5: note: previous implicit declaration of 'set_row' was here
     set_row();
     ^~~~~~~
../src/main.c:121:6: warning: conflicting types for 'update_hist'
 void update_hist(int cols)
      ^~~~~~~~~~~
../src/main.c:63:5: note: previous implicit declaration of 'update_hist' was here
     update_hist(cols);
     ^~~~~~~~~~~
../src/main.c:178:6: warning: conflicting types for 'spi_data'
 void spi_data(int n){
      ^~~~~~~~
../src/main.c:89:13: note: previous implicit declaration of 'spi_data' was here
             spi_data(str[i]);     //for each non-NUL character of the string.
             ^~~~~~~~
../src/main.c:184:6: warning: conflicting types for 'spi_cmd'
 void spi_cmd(int n){
      ^~~~~~~
../src/main.c:48:5: note: previous implicit declaration of 'spi_cmd' was here
     spi_cmd(0x38);
     ^~~~~~~
../src/main.c:190:6: warning: conflicting types for 'nano_wait'
 void nano_wait(unsigned int n) {
      ^~~~~~~~~
../src/main.c:47:5: note: previous implicit declaration of 'nano_wait' was here
     nano_wait(1000000);
     ^~~~~~~~~
Finished building: ../src/main.c
 
Building target: lab_prac2.elf
Invoking: MCU GCC Linker
arm-none-eabi-gcc -mcpu=cortex-m0 -mthumb -mfloat-abi=soft -T"C:/Users/trido/workspace/lab_prac2/LinkerScript.ld" -Wl,-Map=output.map -Wl,--gc-sections -o "lab_prac2.elf" @"objects.list"   -lm
Finished building target: lab_prac2.elf
 
make --no-print-directory post-build
Generating binary and Printing size information:
arm-none-eabi-objcopy -O binary "lab_prac2.elf" "lab_prac2.bin"
arm-none-eabi-size "lab_prac2.elf"
   text	   data	    bss	    dec	    hex	filename
  29644	   2492	   1200	  33336	   8238	lab_prac2.elf
 
20:05:58 **** Incremental Build of configuration Debug for project lab_prac2 ****
make -j12 all 
Building file: ../src/main.c
Invoking: MCU GCC Compiler
C:\Users\trido\workspace\lab_prac2\Debug
arm-none-eabi-gcc -mcpu=cortex-m0 -mthumb -mfloat-abi=soft -DSTM32 -DSTM32F0 -DSTM32F091RCTx -DDEBUG -DSTM32F091 -DUSE_STDPERIPH_DRIVER -I"C:/Users/trido/workspace/lab_prac2/StdPeriph_Driver/inc" -I"C:/Users/trido/workspace/lab_prac2/inc" -I"C:/Users/trido/workspace/lab_prac2/CMSIS/device" -I"C:/Users/trido/workspace/lab_prac2/CMSIS/core" -O0 -g3 -Wall -fmessage-length=0 -ffunction-sections -c -MMD -MP -MF"src/main.d" -MT"src/main.o" -o "src/main.o" "../src/main.c"
../src/main.c: In function 'main':
../src/main.c:47:5: warning: implicit declaration of function 'nano_wait' [-Wimplicit-function-declaration]
     nano_wait(1000000);
     ^~~~~~~~~
../src/main.c:48:5: warning: implicit declaration of function 'spi_cmd' [-Wimplicit-function-declaration]
     spi_cmd(0x38);
     ^~~~~~~
../src/main.c: In function 'TIM15_IRQHandler':
../src/main.c:61:5: warning: implicit declaration of function 'show_digit' [-Wimplicit-function-declaration]
     show_digit();
     ^~~~~~~~~~
../src/main.c:62:16: warning: implicit declaration of function 'get_cols'; did you mean 'fgetpos'? [-Wimplicit-function-declaration]
     int cols = get_cols();
                ^~~~~~~~
                fgetpos
../src/main.c:63:5: warning: implicit declaration of function 'update_hist' [-Wimplicit-function-declaration]
     update_hist(cols);
     ^~~~~~~~~~~
../src/main.c:65:5: warning: implicit declaration of function 'set_row' [-Wimplicit-function-declaration]
     set_row();
     ^~~~~~~
../src/main.c:67:8: warning: implicit declaration of function 'getkey'; did you mean 'getw'? [-Wimplicit-function-declaration]
     if(getkey()=='C')
        ^~~~~~
        getw
../src/main.c:83:5: warning: implicit declaration of function 'display_oled' [-Wimplicit-function-declaration]
     display_oled(buffer);
     ^~~~~~~~~~~~
../src/main.c: At top level:
../src/main.c:85:6: warning: conflicting types for 'display_oled'
 void display_oled(char *str){
      ^~~~~~~~~~~~
../src/main.c:83:5: note: previous implicit declaration of 'display_oled' was here
     display_oled(buffer);
     ^~~~~~~~~~~~
../src/main.c: In function 'display_oled':
../src/main.c:89:13: warning: implicit declaration of function 'spi_data' [-Wimplicit-function-declaration]
             spi_data(str[i]);     //for each non-NUL character of the string.
             ^~~~~~~~
../src/main.c: At top level:
../src/main.c:93:6: warning: conflicting types for 'show_digit'
 void show_digit()
      ^~~~~~~~~~
../src/main.c:61:5: note: previous implicit declaration of 'show_digit' was here
     show_digit();
     ^~~~~~~~~~
../src/main.c:100:6: warning: conflicting types for 'set_row'
 void set_row()
      ^~~~~~~
../src/main.c:65:5: note: previous implicit declaration of 'set_row' was here
     set_row();
     ^~~~~~~
../src/main.c:121:6: warning: conflicting types for 'update_hist'
 void update_hist(int cols)
      ^~~~~~~~~~~
../src/main.c:63:5: note: previous implicit declaration of 'update_hist' was here
     update_hist(cols);
     ^~~~~~~~~~~
../src/main.c:178:6: warning: conflicting types for 'spi_data'
 void spi_data(int n){
      ^~~~~~~~
../src/main.c:89:13: note: previous implicit declaration of 'spi_data' was here
             spi_data(str[i]);     //for each non-NUL character of the string.
             ^~~~~~~~
../src/main.c:184:6: warning: conflicting types for 'spi_cmd'
 void spi_cmd(int n){
      ^~~~~~~
../src/main.c:48:5: note: previous implicit declaration of 'spi_cmd' was here
     spi_cmd(0x38);
     ^~~~~~~
../src/main.c:190:6: warning: conflicting types for 'nano_wait'
 void nano_wait(unsigned int n) {
      ^~~~~~~~~
../src/main.c:47:5: note: previous implicit declaration of 'nano_wait' was here
     nano_wait(1000000);
     ^~~~~~~~~
Finished building: ../src/main.c
 
Building target: lab_prac2.elf
Invoking: MCU GCC Linker
arm-none-eabi-gcc -mcpu=cortex-m0 -mthumb -mfloat-abi=soft -T"C:/Users/trido/workspace/lab_prac2/LinkerScript.ld" -Wl,-Map=output.map -Wl,--gc-sections -o "lab_prac2.elf" @"objects.list"   -lm
Finished building target: lab_prac2.elf
 
make --no-print-directory post-build
Generating binary and Printing size information:
arm-none-eabi-objcopy -O binary "lab_prac2.elf" "lab_prac2.bin"
arm-none-eabi-size "lab_prac2.elf"
   text	   data	    bss	    dec	    hex	filename
  29644	   2492	   1200	  33336	   8238	lab_prac2.elf
 
20:07:59 **** Incremental Build of configuration Debug for project lab_prac2 ****
make -j12 all 
Building file: ../src/main.c
Invoking: MCU GCC Compiler
C:\Users\trido\workspace\lab_prac2\Debug
arm-none-eabi-gcc -mcpu=cortex-m0 -mthumb -mfloat-abi=soft -DSTM32 -DSTM32F0 -DSTM32F091RCTx -DDEBUG -DSTM32F091 -DUSE_STDPERIPH_DRIVER -I"C:/Users/trido/workspace/lab_prac2/StdPeriph_Driver/inc" -I"C:/Users/trido/workspace/lab_prac2/inc" -I"C:/Users/trido/workspace/lab_prac2/CMSIS/device" -I"C:/Users/trido/workspace/lab_prac2/CMSIS/core" -O0 -g3 -Wall -fmessage-length=0 -ffunction-sections -c -MMD -MP -MF"src/main.d" -MT"src/main.o" -o "src/main.o" "../src/main.c"
../src/main.c: In function 'main':
../src/main.c:47:5: warning: implicit declaration of function 'nano_wait' [-Wimplicit-function-declaration]
     nano_wait(1000000);
     ^~~~~~~~~
../src/main.c:48:5: warning: implicit declaration of function 'spi_cmd' [-Wimplicit-function-declaration]
     spi_cmd(0x38);
     ^~~~~~~
../src/main.c: In function 'TIM15_IRQHandler':
../src/main.c:61:5: warning: implicit declaration of function 'show_digit' [-Wimplicit-function-declaration]
     show_digit();
     ^~~~~~~~~~
../src/main.c:62:16: warning: implicit declaration of function 'get_cols'; did you mean 'fgetpos'? [-Wimplicit-function-declaration]
     int cols = get_cols();
                ^~~~~~~~
                fgetpos
../src/main.c:63:5: warning: implicit declaration of function 'update_hist' [-Wimplicit-function-declaration]
     update_hist(cols);
     ^~~~~~~~~~~
../src/main.c:65:5: warning: implicit declaration of function 'set_row' [-Wimplicit-function-declaration]
     set_row();
     ^~~~~~~
../src/main.c:67:8: warning: implicit declaration of function 'getkey'; did you mean 'getw'? [-Wimplicit-function-declaration]
     if(getkey()=='C')
        ^~~~~~
        getw
../src/main.c:83:5: warning: implicit declaration of function 'display_oled' [-Wimplicit-function-declaration]
     display_oled(buffer);
     ^~~~~~~~~~~~
../src/main.c: At top level:
../src/main.c:86:6: warning: conflicting types for 'display_oled'
 void display_oled(char *str){
      ^~~~~~~~~~~~
../src/main.c:83:5: note: previous implicit declaration of 'display_oled' was here
     display_oled(buffer);
     ^~~~~~~~~~~~
../src/main.c: In function 'display_oled':
../src/main.c:90:13: warning: implicit declaration of function 'spi_data' [-Wimplicit-function-declaration]
             spi_data(str[i]);     //for each non-NUL character of the string.
             ^~~~~~~~
../src/main.c: At top level:
../src/main.c:94:6: warning: conflicting types for 'show_digit'
 void show_digit()
      ^~~~~~~~~~
../src/main.c:61:5: note: previous implicit declaration of 'show_digit' was here
     show_digit();
     ^~~~~~~~~~
../src/main.c:101:6: warning: conflicting types for 'set_row'
 void set_row()
      ^~~~~~~
../src/main.c:65:5: note: previous implicit declaration of 'set_row' was here
     set_row();
     ^~~~~~~
../src/main.c:122:6: warning: conflicting types for 'update_hist'
 void update_hist(int cols)
      ^~~~~~~~~~~
../src/main.c:63:5: note: previous implicit declaration of 'update_hist' was here
     update_hist(cols);
     ^~~~~~~~~~~
../src/main.c:179:6: warning: conflicting types for 'spi_data'
 void spi_data(int n){
      ^~~~~~~~
../src/main.c:90:13: note: previous implicit declaration of 'spi_data' was here
             spi_data(str[i]);     //for each non-NUL character of the string.
             ^~~~~~~~
../src/main.c:185:6: warning: conflicting types for 'spi_cmd'
 void spi_cmd(int n){
      ^~~~~~~
../src/main.c:48:5: note: previous implicit declaration of 'spi_cmd' was here
     spi_cmd(0x38);
     ^~~~~~~
../src/main.c:191:6: warning: conflicting types for 'nano_wait'
 void nano_wait(unsigned int n) {
      ^~~~~~~~~
../src/main.c:47:5: note: previous implicit declaration of 'nano_wait' was here
     nano_wait(1000000);
     ^~~~~~~~~
Finished building: ../src/main.c
 
Building target: lab_prac2.elf
Invoking: MCU GCC Linker
arm-none-eabi-gcc -mcpu=cortex-m0 -mthumb -mfloat-abi=soft -T"C:/Users/trido/workspace/lab_prac2/LinkerScript.ld" -Wl,-Map=output.map -Wl,--gc-sections -o "lab_prac2.elf" @"objects.list"   -lm
Finished building target: lab_prac2.elf
 
make --no-print-directory post-build
Generating binary and Printing size information:
arm-none-eabi-objcopy -O binary "lab_prac2.elf" "lab_prac2.bin"
arm-none-eabi-size "lab_prac2.elf"
   text	   data	    bss	    dec	    hex	filename
  29652	   2492	   1200	  33344	   8240	lab_prac2.elf
 
20:12:56 **** Incremental Build of configuration Debug for project lab_prac2 ****
make -j12 all 
Building file: ../src/main.c
Invoking: MCU GCC Compiler
C:\Users\trido\workspace\lab_prac2\Debug
arm-none-eabi-gcc -mcpu=cortex-m0 -mthumb -mfloat-abi=soft -DSTM32 -DSTM32F0 -DSTM32F091RCTx -DDEBUG -DSTM32F091 -DUSE_STDPERIPH_DRIVER -I"C:/Users/trido/workspace/lab_prac2/StdPeriph_Driver/inc" -I"C:/Users/trido/workspace/lab_prac2/inc" -I"C:/Users/trido/workspace/lab_prac2/CMSIS/device" -I"C:/Users/trido/workspace/lab_prac2/CMSIS/core" -O0 -g3 -Wall -fmessage-length=0 -ffunction-sections -c -MMD -MP -MF"src/main.d" -MT"src/main.o" -o "src/main.o" "../src/main.c"
../src/main.c: In function 'main':
../src/main.c:47:5: warning: implicit declaration of function 'nano_wait' [-Wimplicit-function-declaration]
     nano_wait(1000000);
     ^~~~~~~~~
../src/main.c:48:5: warning: implicit declaration of function 'spi_cmd' [-Wimplicit-function-declaration]
     spi_cmd(0x38);
     ^~~~~~~
../src/main.c: In function 'TIM15_IRQHandler':
../src/main.c:61:5: warning: implicit declaration of function 'show_digit' [-Wimplicit-function-declaration]
     show_digit();
     ^~~~~~~~~~
../src/main.c:62:16: warning: implicit declaration of function 'get_cols'; did you mean 'fgetpos'? [-Wimplicit-function-declaration]
     int cols = get_cols();
                ^~~~~~~~
                fgetpos
../src/main.c:63:5: warning: implicit declaration of function 'update_hist' [-Wimplicit-function-declaration]
     update_hist(cols);
     ^~~~~~~~~~~
../src/main.c:65:5: warning: implicit declaration of function 'set_row' [-Wimplicit-function-declaration]
     set_row();
     ^~~~~~~
../src/main.c:67:8: warning: implicit declaration of function 'getkey'; did you mean 'getw'? [-Wimplicit-function-declaration]
     if(getkey()=='C')
        ^~~~~~
        getw
../src/main.c:83:5: warning: implicit declaration of function 'display_oled' [-Wimplicit-function-declaration]
     display_oled(buffer);
     ^~~~~~~~~~~~
../src/main.c: At top level:
../src/main.c:86:6: warning: conflicting types for 'display_oled'
 void display_oled(char *str){
      ^~~~~~~~~~~~
../src/main.c:83:5: note: previous implicit declaration of 'display_oled' was here
     display_oled(buffer);
     ^~~~~~~~~~~~
../src/main.c: In function 'display_oled':
../src/main.c:90:13: warning: implicit declaration of function 'spi_data' [-Wimplicit-function-declaration]
             spi_data(str[i]);     //for each non-NUL character of the string.
             ^~~~~~~~
../src/main.c: At top level:
../src/main.c:94:6: warning: conflicting types for 'show_digit'
 void show_digit()
      ^~~~~~~~~~
../src/main.c:61:5: note: previous implicit declaration of 'show_digit' was here
     show_digit();
     ^~~~~~~~~~
../src/main.c:101:6: warning: conflicting types for 'set_row'
 void set_row()
      ^~~~~~~
../src/main.c:65:5: note: previous implicit declaration of 'set_row' was here
     set_row();
     ^~~~~~~
../src/main.c:122:6: warning: conflicting types for 'update_hist'
 void update_hist(int cols)
      ^~~~~~~~~~~
../src/main.c:63:5: note: previous implicit declaration of 'update_hist' was here
     update_hist(cols);
     ^~~~~~~~~~~
../src/main.c:179:6: warning: conflicting types for 'spi_data'
 void spi_data(int n){
      ^~~~~~~~
../src/main.c:90:13: note: previous implicit declaration of 'spi_data' was here
             spi_data(str[i]);     //for each non-NUL character of the string.
             ^~~~~~~~
../src/main.c:185:6: warning: conflicting types for 'spi_cmd'
 void spi_cmd(int n){
      ^~~~~~~
../src/main.c:48:5: note: previous implicit declaration of 'spi_cmd' was here
     spi_cmd(0x38);
     ^~~~~~~
../src/main.c:191:6: warning: conflicting types for 'nano_wait'
 void nano_wait(unsigned int n) {
      ^~~~~~~~~
../src/main.c:47:5: note: previous implicit declaration of 'nano_wait' was here
     nano_wait(1000000);
     ^~~~~~~~~
Finished building: ../src/main.c
 
Building target: lab_prac2.elf
Invoking: MCU GCC Linker
arm-none-eabi-gcc -mcpu=cortex-m0 -mthumb -mfloat-abi=soft -T"C:/Users/trido/workspace/lab_prac2/LinkerScript.ld" -Wl,-Map=output.map -Wl,--gc-sections -o "lab_prac2.elf" @"objects.list"   -lm
Finished building target: lab_prac2.elf
 
make --no-print-directory post-build
Generating binary and Printing size information:
arm-none-eabi-objcopy -O binary "lab_prac2.elf" "lab_prac2.bin"
arm-none-eabi-size "lab_prac2.elf"
   text	   data	    bss	    dec	    hex	filename
  29636	   2492	   1200	  33328	   8230	lab_prac2.elf
 
20:15:06 **** Incremental Build of configuration Debug for project lab_prac2 ****
make -j12 all 
Building file: ../src/main.c
Invoking: MCU GCC Compiler
C:\Users\trido\workspace\lab_prac2\Debug
arm-none-eabi-gcc -mcpu=cortex-m0 -mthumb -mfloat-abi=soft -DSTM32 -DSTM32F0 -DSTM32F091RCTx -DDEBUG -DSTM32F091 -DUSE_STDPERIPH_DRIVER -I"C:/Users/trido/workspace/lab_prac2/StdPeriph_Driver/inc" -I"C:/Users/trido/workspace/lab_prac2/inc" -I"C:/Users/trido/workspace/lab_prac2/CMSIS/device" -I"C:/Users/trido/workspace/lab_prac2/CMSIS/core" -O0 -g3 -Wall -fmessage-length=0 -ffunction-sections -c -MMD -MP -MF"src/main.d" -MT"src/main.o" -o "src/main.o" "../src/main.c"
../src/main.c: In function 'main':
../src/main.c:47:5: warning: implicit declaration of function 'nano_wait' [-Wimplicit-function-declaration]
     nano_wait(1000000);
     ^~~~~~~~~
../src/main.c:48:5: warning: implicit declaration of function 'spi_cmd' [-Wimplicit-function-declaration]
     spi_cmd(0x38);
     ^~~~~~~
../src/main.c: In function 'TIM15_IRQHandler':
../src/main.c:73:16: warning: implicit declaration of function 'get_cols'; did you mean 'fgetpos'? [-Wimplicit-function-declaration]
     int cols = get_cols();
                ^~~~~~~~
                fgetpos
../src/main.c:74:5: warning: implicit declaration of function 'update_hist' [-Wimplicit-function-declaration]
     update_hist(cols);
     ^~~~~~~~~~~
../src/main.c:76:5: warning: implicit declaration of function 'set_row' [-Wimplicit-function-declaration]
     set_row();
     ^~~~~~~
../src/main.c:78:8: warning: implicit declaration of function 'getkey'; did you mean 'getw'? [-Wimplicit-function-declaration]
     if(getkey()=='C')
        ^~~~~~
        getw
../src/main.c:94:5: warning: implicit declaration of function 'display_oled' [-Wimplicit-function-declaration]
     display_oled(buffer);
     ^~~~~~~~~~~~
../src/main.c: At top level:
../src/main.c:97:6: warning: conflicting types for 'display_oled'
 void display_oled(char *str){
      ^~~~~~~~~~~~
../src/main.c:94:5: note: previous implicit declaration of 'display_oled' was here
     display_oled(buffer);
     ^~~~~~~~~~~~
../src/main.c: In function 'display_oled':
../src/main.c:101:13: warning: implicit declaration of function 'spi_data' [-Wimplicit-function-declaration]
             spi_data(str[i]);     //for each non-NUL character of the string.
             ^~~~~~~~
../src/main.c: At top level:
../src/main.c:105:6: warning: conflicting types for 'set_row'
 void set_row()
      ^~~~~~~
../src/main.c:76:5: note: previous implicit declaration of 'set_row' was here
     set_row();
     ^~~~~~~
../src/main.c:126:6: warning: conflicting types for 'update_hist'
 void update_hist(int cols)
      ^~~~~~~~~~~
../src/main.c:74:5: note: previous implicit declaration of 'update_hist' was here
     update_hist(cols);
     ^~~~~~~~~~~
../src/main.c:183:6: warning: conflicting types for 'spi_data'
 void spi_data(int n){
      ^~~~~~~~
../src/main.c:101:13: note: previous implicit declaration of 'spi_data' was here
             spi_data(str[i]);     //for each non-NUL character of the string.
             ^~~~~~~~
../src/main.c:189:6: warning: conflicting types for 'spi_cmd'
 void spi_cmd(int n){
      ^~~~~~~
../src/main.c:48:5: note: previous implicit declaration of 'spi_cmd' was here
     spi_cmd(0x38);
     ^~~~~~~
../src/main.c:195:6: warning: conflicting types for 'nano_wait'
 void nano_wait(unsigned int n) {
      ^~~~~~~~~
../src/main.c:47:5: note: previous implicit declaration of 'nano_wait' was here
     nano_wait(1000000);
     ^~~~~~~~~
Finished building: ../src/main.c
 
Building target: lab_prac2.elf
Invoking: MCU GCC Linker
arm-none-eabi-gcc -mcpu=cortex-m0 -mthumb -mfloat-abi=soft -T"C:/Users/trido/workspace/lab_prac2/LinkerScript.ld" -Wl,-Map=output.map -Wl,--gc-sections -o "lab_prac2.elf" @"objects.list"   -lm
Finished building target: lab_prac2.elf
 
make --no-print-directory post-build
Generating binary and Printing size information:
arm-none-eabi-objcopy -O binary "lab_prac2.elf" "lab_prac2.bin"
arm-none-eabi-size "lab_prac2.elf"
   text	   data	    bss	    dec	    hex	filename
  29712	   2492	   1200	  33404	   827c	lab_prac2.elf
 
20:15:40 **** Incremental Build of configuration Debug for project lab_prac2 ****
make -j12 all 
Building file: ../src/main.c
Invoking: MCU GCC Compiler
C:\Users\trido\workspace\lab_prac2\Debug
arm-none-eabi-gcc -mcpu=cortex-m0 -mthumb -mfloat-abi=soft -DSTM32 -DSTM32F0 -DSTM32F091RCTx -DDEBUG -DSTM32F091 -DUSE_STDPERIPH_DRIVER -I"C:/Users/trido/workspace/lab_prac2/StdPeriph_Driver/inc" -I"C:/Users/trido/workspace/lab_prac2/inc" -I"C:/Users/trido/workspace/lab_prac2/CMSIS/device" -I"C:/Users/trido/workspace/lab_prac2/CMSIS/core" -O0 -g3 -Wall -fmessage-length=0 -ffunction-sections -c -MMD -MP -MF"src/main.d" -MT"src/main.o" -o "src/main.o" "../src/main.c"
../src/main.c: In function 'main':
../src/main.c:47:5: warning: implicit declaration of function 'nano_wait' [-Wimplicit-function-declaration]
     nano_wait(1000000);
     ^~~~~~~~~
../src/main.c:48:5: warning: implicit declaration of function 'spi_cmd' [-Wimplicit-function-declaration]
     spi_cmd(0x38);
     ^~~~~~~
../src/main.c: In function 'TIM15_IRQHandler':
../src/main.c:68:16: warning: implicit declaration of function 'get_cols'; did you mean 'fgetpos'? [-Wimplicit-function-declaration]
     int cols = get_cols();
                ^~~~~~~~
                fgetpos
../src/main.c:69:5: warning: implicit declaration of function 'update_hist' [-Wimplicit-function-declaration]
     update_hist(cols);
     ^~~~~~~~~~~
../src/main.c:71:5: warning: implicit declaration of function 'set_row' [-Wimplicit-function-declaration]
     set_row();
     ^~~~~~~
../src/main.c:73:8: warning: implicit declaration of function 'getkey'; did you mean 'getw'? [-Wimplicit-function-declaration]
     if(getkey()=='C')
        ^~~~~~
        getw
../src/main.c:89:5: warning: implicit declaration of function 'display_oled' [-Wimplicit-function-declaration]
     display_oled(buffer);
     ^~~~~~~~~~~~
../src/main.c: At top level:
../src/main.c:92:6: warning: conflicting types for 'display_oled'
 void display_oled(char *str){
      ^~~~~~~~~~~~
../src/main.c:89:5: note: previous implicit declaration of 'display_oled' was here
     display_oled(buffer);
     ^~~~~~~~~~~~
../src/main.c: In function 'display_oled':
../src/main.c:96:13: warning: implicit declaration of function 'spi_data' [-Wimplicit-function-declaration]
             spi_data(str[i]);     //for each non-NUL character of the string.
             ^~~~~~~~
../src/main.c: At top level:
../src/main.c:100:6: warning: conflicting types for 'set_row'
 void set_row()
      ^~~~~~~
../src/main.c:71:5: note: previous implicit declaration of 'set_row' was here
     set_row();
     ^~~~~~~
../src/main.c:121:6: warning: conflicting types for 'update_hist'
 void update_hist(int cols)
      ^~~~~~~~~~~
../src/main.c:69:5: note: previous implicit declaration of 'update_hist' was here
     update_hist(cols);
     ^~~~~~~~~~~
../src/main.c:178:6: warning: conflicting types for 'spi_data'
 void spi_data(int n){
      ^~~~~~~~
../src/main.c:96:13: note: previous implicit declaration of 'spi_data' was here
             spi_data(str[i]);     //for each non-NUL character of the string.
             ^~~~~~~~
../src/main.c:184:6: warning: conflicting types for 'spi_cmd'
 void spi_cmd(int n){
      ^~~~~~~
../src/main.c:48:5: note: previous implicit declaration of 'spi_cmd' was here
     spi_cmd(0x38);
     ^~~~~~~
../src/main.c:190:6: warning: conflicting types for 'nano_wait'
 void nano_wait(unsigned int n) {
      ^~~~~~~~~
../src/main.c:47:5: note: previous implicit declaration of 'nano_wait' was here
     nano_wait(1000000);
     ^~~~~~~~~
Finished building: ../src/main.c
 
Building target: lab_prac2.elf
Invoking: MCU GCC Linker
arm-none-eabi-gcc -mcpu=cortex-m0 -mthumb -mfloat-abi=soft -T"C:/Users/trido/workspace/lab_prac2/LinkerScript.ld" -Wl,-Map=output.map -Wl,--gc-sections -o "lab_prac2.elf" @"objects.list"   -lm
Finished building target: lab_prac2.elf
 
make --no-print-directory post-build
Generating binary and Printing size information:
arm-none-eabi-objcopy -O binary "lab_prac2.elf" "lab_prac2.bin"
arm-none-eabi-size "lab_prac2.elf"
   text	   data	    bss	    dec	    hex	filename
  29636	   2492	   1200	  33328	   8230	lab_prac2.elf
 
20:17:45 **** Incremental Build of configuration Debug for project lab_prac2 ****
make -j12 all 
Building file: ../src/main.c
Invoking: MCU GCC Compiler
C:\Users\trido\workspace\lab_prac2\Debug
arm-none-eabi-gcc -mcpu=cortex-m0 -mthumb -mfloat-abi=soft -DSTM32 -DSTM32F0 -DSTM32F091RCTx -DDEBUG -DSTM32F091 -DUSE_STDPERIPH_DRIVER -I"C:/Users/trido/workspace/lab_prac2/StdPeriph_Driver/inc" -I"C:/Users/trido/workspace/lab_prac2/inc" -I"C:/Users/trido/workspace/lab_prac2/CMSIS/device" -I"C:/Users/trido/workspace/lab_prac2/CMSIS/core" -O0 -g3 -Wall -fmessage-length=0 -ffunction-sections -c -MMD -MP -MF"src/main.d" -MT"src/main.o" -o "src/main.o" "../src/main.c"
../src/main.c: In function 'main':
../src/main.c:58:5: warning: implicit declaration of function 'nano_wait' [-Wimplicit-function-declaration]
     nano_wait(1000000);
     ^~~~~~~~~
../src/main.c:59:5: warning: implicit declaration of function 'spi_cmd' [-Wimplicit-function-declaration]
     spi_cmd(0x38);
     ^~~~~~~
../src/main.c: In function 'TIM15_IRQHandler':
../src/main.c:72:16: warning: implicit declaration of function 'get_cols'; did you mean 'fgetpos'? [-Wimplicit-function-declaration]
     int cols = get_cols();
                ^~~~~~~~
                fgetpos
../src/main.c:73:5: warning: implicit declaration of function 'update_hist' [-Wimplicit-function-declaration]
     update_hist(cols);
     ^~~~~~~~~~~
../src/main.c:75:5: warning: implicit declaration of function 'set_row' [-Wimplicit-function-declaration]
     set_row();
     ^~~~~~~
../src/main.c:77:8: warning: implicit declaration of function 'getkey'; did you mean 'getw'? [-Wimplicit-function-declaration]
     if(getkey()=='C')
        ^~~~~~
        getw
../src/main.c:93:5: warning: implicit declaration of function 'display_oled' [-Wimplicit-function-declaration]
     display_oled(buffer);
     ^~~~~~~~~~~~
../src/main.c: At top level:
../src/main.c:96:6: warning: conflicting types for 'display_oled'
 void display_oled(char *str){
      ^~~~~~~~~~~~
../src/main.c:93:5: note: previous implicit declaration of 'display_oled' was here
     display_oled(buffer);
     ^~~~~~~~~~~~
../src/main.c: In function 'display_oled':
../src/main.c:100:13: warning: implicit declaration of function 'spi_data' [-Wimplicit-function-declaration]
             spi_data(str[i]);     //for each non-NUL character of the string.
             ^~~~~~~~
../src/main.c: At top level:
../src/main.c:104:6: warning: conflicting types for 'set_row'
 void set_row()
      ^~~~~~~
../src/main.c:75:5: note: previous implicit declaration of 'set_row' was here
     set_row();
     ^~~~~~~
../src/main.c:125:6: warning: conflicting types for 'update_hist'
 void update_hist(int cols)
      ^~~~~~~~~~~
../src/main.c:73:5: note: previous implicit declaration of 'update_hist' was here
     update_hist(cols);
     ^~~~~~~~~~~
../src/main.c:182:6: warning: conflicting types for 'spi_data'
 void spi_data(int n){
      ^~~~~~~~
../src/main.c:100:13: note: previous implicit declaration of 'spi_data' was here
             spi_data(str[i]);     //for each non-NUL character of the string.
             ^~~~~~~~
../src/main.c:188:6: warning: conflicting types for 'spi_cmd'
 void spi_cmd(int n){
      ^~~~~~~
../src/main.c:59:5: note: previous implicit declaration of 'spi_cmd' was here
     spi_cmd(0x38);
     ^~~~~~~
../src/main.c:194:6: warning: conflicting types for 'nano_wait'
 void nano_wait(unsigned int n) {
      ^~~~~~~~~
../src/main.c:58:5: note: previous implicit declaration of 'nano_wait' was here
     nano_wait(1000000);
     ^~~~~~~~~
Finished building: ../src/main.c
 
Building target: lab_prac2.elf
Invoking: MCU GCC Linker
arm-none-eabi-gcc -mcpu=cortex-m0 -mthumb -mfloat-abi=soft -T"C:/Users/trido/workspace/lab_prac2/LinkerScript.ld" -Wl,-Map=output.map -Wl,--gc-sections -o "lab_prac2.elf" @"objects.list"   -lm
Finished building target: lab_prac2.elf
 
make --no-print-directory post-build
Generating binary and Printing size information:
arm-none-eabi-objcopy -O binary "lab_prac2.elf" "lab_prac2.bin"
arm-none-eabi-size "lab_prac2.elf"
   text	   data	    bss	    dec	    hex	filename
  29704	   2492	   1200	  33396	   8274	lab_prac2.elf
 
20:20:47 **** Incremental Build of configuration Debug for project lab_prac2 ****
make -j12 all 
Building file: ../src/main.c
Invoking: MCU GCC Compiler
C:\Users\trido\workspace\lab_prac2\Debug
arm-none-eabi-gcc -mcpu=cortex-m0 -mthumb -mfloat-abi=soft -DSTM32 -DSTM32F0 -DSTM32F091RCTx -DDEBUG -DSTM32F091 -DUSE_STDPERIPH_DRIVER -I"C:/Users/trido/workspace/lab_prac2/StdPeriph_Driver/inc" -I"C:/Users/trido/workspace/lab_prac2/inc" -I"C:/Users/trido/workspace/lab_prac2/CMSIS/device" -I"C:/Users/trido/workspace/lab_prac2/CMSIS/core" -O0 -g3 -Wall -fmessage-length=0 -ffunction-sections -c -MMD -MP -MF"src/main.d" -MT"src/main.o" -o "src/main.o" "../src/main.c"
../src/main.c: In function 'main':
../src/main.c:58:5: warning: implicit declaration of function 'nano_wait' [-Wimplicit-function-declaration]
     nano_wait(1000000);
     ^~~~~~~~~
../src/main.c:59:5: warning: implicit declaration of function 'spi_cmd' [-Wimplicit-function-declaration]
     spi_cmd(0x38);
     ^~~~~~~
../src/main.c: In function 'TIM15_IRQHandler':
../src/main.c:72:16: warning: implicit declaration of function 'get_cols'; did you mean 'fgetpos'? [-Wimplicit-function-declaration]
     int cols = get_cols();
                ^~~~~~~~
                fgetpos
../src/main.c:73:5: warning: implicit declaration of function 'update_hist' [-Wimplicit-function-declaration]
     update_hist(cols);
     ^~~~~~~~~~~
../src/main.c:75:5: warning: implicit declaration of function 'set_row' [-Wimplicit-function-declaration]
     set_row();
     ^~~~~~~
../src/main.c:77:8: warning: implicit declaration of function 'getkey'; did you mean 'getw'? [-Wimplicit-function-declaration]
     if(getkey()=='C')
        ^~~~~~
        getw
../src/main.c:93:5: warning: implicit declaration of function 'display_oled' [-Wimplicit-function-declaration]
     display_oled(buffer);
     ^~~~~~~~~~~~
../src/main.c: At top level:
../src/main.c:96:6: warning: conflicting types for 'display_oled'
 void display_oled(char *str){
      ^~~~~~~~~~~~
../src/main.c:93:5: note: previous implicit declaration of 'display_oled' was here
     display_oled(buffer);
     ^~~~~~~~~~~~
../src/main.c: In function 'display_oled':
../src/main.c:100:13: warning: implicit declaration of function 'spi_data' [-Wimplicit-function-declaration]
             spi_data(str[i]);     //for each non-NUL character of the string.
             ^~~~~~~~
../src/main.c: At top level:
../src/main.c:104:6: warning: conflicting types for 'set_row'
 void set_row()
      ^~~~~~~
../src/main.c:75:5: note: previous implicit declaration of 'set_row' was here
     set_row();
     ^~~~~~~
../src/main.c:124:6: warning: conflicting types for 'update_hist'
 void update_hist(int cols)
      ^~~~~~~~~~~
../src/main.c:73:5: note: previous implicit declaration of 'update_hist' was here
     update_hist(cols);
     ^~~~~~~~~~~
../src/main.c:181:6: warning: conflicting types for 'spi_data'
 void spi_data(int n){
      ^~~~~~~~
../src/main.c:100:13: note: previous implicit declaration of 'spi_data' was here
             spi_data(str[i]);     //for each non-NUL character of the string.
             ^~~~~~~~
../src/main.c:187:6: warning: conflicting types for 'spi_cmd'
 void spi_cmd(int n){
      ^~~~~~~
[...]
make -j12 all 
Building file: ../src/main.c
Invoking: MCU GCC Compiler
C:\Users\trido\workspace\lab_prac2\Debug
arm-none-eabi-gcc -mcpu=cortex-m0 -mthumb -mfloat-abi=soft -DSTM32 -DSTM32F0 -DSTM32F091RCTx -DDEBUG -DSTM32F091 -DUSE_STDPERIPH_DRIVER -I"C:/Users/trido/workspace/lab_prac2/StdPeriph_Driver/inc" -I"C:/Users/trido/workspace/lab_prac2/inc" -I"C:/Users/trido/workspace/lab_prac2/CMSIS/device" -I"C:/Users/trido/workspace/lab_prac2/CMSIS/core" -O0 -g3 -Wall -fmessage-length=0 -ffunction-sections -c -MMD -MP -MF"src/main.d" -MT"src/main.o" -o "src/main.o" "../src/main.c"
../src/main.c: In function 'main':
../src/main.c:49:5: warning: implicit declaration of function 'nano_wait' [-Wimplicit-function-declaration]
     nano_wait(1000000);
     ^~~~~~~~~
../src/main.c:50:5: warning: implicit declaration of function 'spi_cmd' [-Wimplicit-function-declaration]
     spi_cmd(0x38);
     ^~~~~~~
../src/main.c: In function 'TIM15_IRQHandler':
../src/main.c:83:5: warning: implicit declaration of function 'display_oled' [-Wimplicit-function-declaration]
     display_oled(buffer);
     ^~~~~~~~~~~~
../src/main.c: At top level:
../src/main.c:86:6: warning: conflicting types for 'display_oled'
 void display_oled(char *str){
      ^~~~~~~~~~~~
../src/main.c:83:5: note: previous implicit declaration of 'display_oled' was here
     display_oled(buffer);
     ^~~~~~~~~~~~
../src/main.c: In function 'display_oled':
../src/main.c:90:13: warning: implicit declaration of function 'spi_data' [-Wimplicit-function-declaration]
             spi_data(str[i]);     //for each non-NUL character of the string.
             ^~~~~~~~
../src/main.c: At top level:
../src/main.c:94:6: warning: conflicting types for 'spi_data'
 void spi_data(int n){
      ^~~~~~~~
../src/main.c:90:13: note: previous implicit declaration of 'spi_data' was here
             spi_data(str[i]);     //for each non-NUL character of the string.
             ^~~~~~~~
../src/main.c:100:6: warning: conflicting types for 'spi_cmd'
 void spi_cmd(int n){
      ^~~~~~~
../src/main.c:50:5: note: previous implicit declaration of 'spi_cmd' was here
     spi_cmd(0x38);
     ^~~~~~~
../src/main.c:106:6: warning: conflicting types for 'nano_wait'
 void nano_wait(unsigned int n) {
      ^~~~~~~~~
../src/main.c:49:5: note: previous implicit declaration of 'nano_wait' was here
     nano_wait(1000000);
     ^~~~~~~~~
Finished building: ../src/main.c
 
Building target: lab_prac2.elf
Invoking: MCU GCC Linker
arm-none-eabi-gcc -mcpu=cortex-m0 -mthumb -mfloat-abi=soft -T"C:/Users/trido/workspace/lab_prac2/LinkerScript.ld" -Wl,-Map=output.map -Wl,--gc-sections -o "lab_prac2.elf" @"objects.list"   -lm
Finished building target: lab_prac2.elf
 
make --no-print-directory post-build
Generating binary and Printing size information:
arm-none-eabi-objcopy -O binary "lab_prac2.elf" "lab_prac2.bin"
arm-none-eabi-size "lab_prac2.elf"
   text	   data	    bss	    dec	    hex	filename
  29060	   2492	   1200	  32752	   7ff0	lab_prac2.elf
 
20:58:30 **** Incremental Build of configuration Debug for project lab_prac2 ****
make -j12 all 
Building file: ../src/main.c
Invoking: MCU GCC Compiler
C:\Users\trido\workspace\lab_prac2\Debug
arm-none-eabi-gcc -mcpu=cortex-m0 -mthumb -mfloat-abi=soft -DSTM32 -DSTM32F0 -DSTM32F091RCTx -DDEBUG -DSTM32F091 -DUSE_STDPERIPH_DRIVER -I"C:/Users/trido/workspace/lab_prac2/StdPeriph_Driver/inc" -I"C:/Users/trido/workspace/lab_prac2/inc" -I"C:/Users/trido/workspace/lab_prac2/CMSIS/device" -I"C:/Users/trido/workspace/lab_prac2/CMSIS/core" -O0 -g3 -Wall -fmessage-length=0 -ffunction-sections -c -MMD -MP -MF"src/main.d" -MT"src/main.o" -o "src/main.o" "../src/main.c"
../src/main.c: In function 'main':
../src/main.c:49:5: warning: implicit declaration of function 'nano_wait' [-Wimplicit-function-declaration]
     nano_wait(1000000);
     ^~~~~~~~~
../src/main.c:50:5: warning: implicit declaration of function 'spi_cmd' [-Wimplicit-function-declaration]
     spi_cmd(0x38);
     ^~~~~~~
../src/main.c: In function 'TIM15_IRQHandler':
../src/main.c:83:5: warning: implicit declaration of function 'display_oled' [-Wimplicit-function-declaration]
     display_oled(buffer);
     ^~~~~~~~~~~~
../src/main.c: At top level:
../src/main.c:86:6: warning: conflicting types for 'display_oled'
 void display_oled(char *str){
      ^~~~~~~~~~~~
../src/main.c:83:5: note: previous implicit declaration of 'display_oled' was here
     display_oled(buffer);
     ^~~~~~~~~~~~
../src/main.c: In function 'display_oled':
../src/main.c:90:13: warning: implicit declaration of function 'spi_data' [-Wimplicit-function-declaration]
             spi_data(str[i]);
             ^~~~~~~~
../src/main.c: At top level:
../src/main.c:94:6: warning: conflicting types for 'spi_data'
 void spi_data(int n){
      ^~~~~~~~
../src/main.c:90:13: note: previous implicit declaration of 'spi_data' was here
             spi_data(str[i]);
             ^~~~~~~~
../src/main.c:99:6: warning: conflicting types for 'spi_cmd'
 void spi_cmd(int n){
      ^~~~~~~
../src/main.c:50:5: note: previous implicit declaration of 'spi_cmd' was here
     spi_cmd(0x38);
     ^~~~~~~
../src/main.c:104:6: warning: conflicting types for 'nano_wait'
 void nano_wait(unsigned int n) {
      ^~~~~~~~~
../src/main.c:49:5: note: previous implicit declaration of 'nano_wait' was here
     nano_wait(1000000);
     ^~~~~~~~~
Finished building: ../src/main.c
 
Building target: lab_prac2.elf
Invoking: MCU GCC Linker
arm-none-eabi-gcc -mcpu=cortex-m0 -mthumb -mfloat-abi=soft -T"C:/Users/trido/workspace/lab_prac2/LinkerScript.ld" -Wl,-Map=output.map -Wl,--gc-sections -o "lab_prac2.elf" @"objects.list"   -lm
Finished building target: lab_prac2.elf
 
make --no-print-directory post-build
Generating binary and Printing size information:
arm-none-eabi-objcopy -O binary "lab_prac2.elf" "lab_prac2.bin"
arm-none-eabi-size "lab_prac2.elf"
   text	   data	    bss	    dec	    hex	filename
  29060	   2492	   1200	  32752	   7ff0	lab_prac2.elf
 
21:06:29 **** Incremental Build of configuration Debug for project lab_prac2 ****
make -j12 all 
Building file: ../src/main.c
Invoking: MCU GCC Compiler
C:\Users\trido\workspace\lab_prac2\Debug
arm-none-eabi-gcc -mcpu=cortex-m0 -mthumb -mfloat-abi=soft -DSTM32 -DSTM32F0 -DSTM32F091RCTx -DDEBUG -DSTM32F091 -DUSE_STDPERIPH_DRIVER -I"C:/Users/trido/workspace/lab_prac2/StdPeriph_Driver/inc" -I"C:/Users/trido/workspace/lab_prac2/inc" -I"C:/Users/trido/workspace/lab_prac2/CMSIS/device" -I"C:/Users/trido/workspace/lab_prac2/CMSIS/core" -O0 -g3 -Wall -fmessage-length=0 -ffunction-sections -c -MMD -MP -MF"src/main.d" -MT"src/main.o" -o "src/main.o" "../src/main.c"
../src/main.c: In function 'main':
../src/main.c:54:5: warning: implicit declaration of function 'nano_wait' [-Wimplicit-function-declaration]
     nano_wait(1000000);
     ^~~~~~~~~
../src/main.c:55:5: warning: implicit declaration of function 'spi_cmd' [-Wimplicit-function-declaration]
     spi_cmd(0x38);
     ^~~~~~~
../src/main.c: In function 'TIM15_IRQHandler':
../src/main.c:88:5: warning: implicit declaration of function 'display_oled' [-Wimplicit-function-declaration]
     display_oled(buffer);
     ^~~~~~~~~~~~
../src/main.c: At top level:
../src/main.c:91:6: warning: conflicting types for 'display_oled'
 void display_oled(char *str){
      ^~~~~~~~~~~~
../src/main.c:88:5: note: previous implicit declaration of 'display_oled' was here
     display_oled(buffer);
     ^~~~~~~~~~~~
../src/main.c: In function 'display_oled':
../src/main.c:95:13: warning: implicit declaration of function 'spi_data' [-Wimplicit-function-declaration]
             spi_data(str[i]);
             ^~~~~~~~
../src/main.c: At top level:
../src/main.c:99:6: warning: conflicting types for 'spi_data'
 void spi_data(int n){
      ^~~~~~~~
../src/main.c:95:13: note: previous implicit declaration of 'spi_data' was here
             spi_data(str[i]);
             ^~~~~~~~
../src/main.c:104:6: warning: conflicting types for 'spi_cmd'
 void spi_cmd(int n){
      ^~~~~~~
../src/main.c:55:5: note: previous implicit declaration of 'spi_cmd' was here
     spi_cmd(0x38);
     ^~~~~~~
../src/main.c:109:6: warning: conflicting types for 'nano_wait'
 void nano_wait(unsigned int n) {
      ^~~~~~~~~
../src/main.c:54:5: note: previous implicit declaration of 'nano_wait' was here
     nano_wait(1000000);
     ^~~~~~~~~
Finished building: ../src/main.c
 
Building target: lab_prac2.elf
Invoking: MCU GCC Linker
arm-none-eabi-gcc -mcpu=cortex-m0 -mthumb -mfloat-abi=soft -T"C:/Users/trido/workspace/lab_prac2/LinkerScript.ld" -Wl,-Map=output.map -Wl,--gc-sections -o "lab_prac2.elf" @"objects.list"   -lm
Finished building target: lab_prac2.elf
 
make --no-print-directory post-build
Generating binary and Printing size information:
arm-none-eabi-objcopy -O binary "lab_prac2.elf" "lab_prac2.bin"
arm-none-eabi-size "lab_prac2.elf"
   text	   data	    bss	    dec	    hex	filename
  29132	   2492	   1200	  32824	   8038	lab_prac2.elf
 
21:08:26 **** Incremental Build of configuration Debug for project lab_prac2 ****
make -j12 all 
Building file: ../src/main.c
Invoking: MCU GCC Compiler
C:\Users\trido\workspace\lab_prac2\Debug
arm-none-eabi-gcc -mcpu=cortex-m0 -mthumb -mfloat-abi=soft -DSTM32 -DSTM32F0 -DSTM32F091RCTx -DDEBUG -DSTM32F091 -DUSE_STDPERIPH_DRIVER -I"C:/Users/trido/workspace/lab_prac2/StdPeriph_Driver/inc" -I"C:/Users/trido/workspace/lab_prac2/inc" -I"C:/Users/trido/workspace/lab_prac2/CMSIS/device" -I"C:/Users/trido/workspace/lab_prac2/CMSIS/core" -O0 -g3 -Wall -fmessage-length=0 -ffunction-sections -c -MMD -MP -MF"src/main.d" -MT"src/main.o" -o "src/main.o" "../src/main.c"
../src/main.c: In function 'main':
../src/main.c:53:5: warning: implicit declaration of function 'nano_wait' [-Wimplicit-function-declaration]
     nano_wait(1000000);
     ^~~~~~~~~
../src/main.c:54:5: warning: implicit declaration of function 'spi_cmd' [-Wimplicit-function-declaration]
     spi_cmd(0x38);
     ^~~~~~~
../src/main.c: In function 'TIM15_IRQHandler':
../src/main.c:87:5: warning: implicit declaration of function 'display_oled' [-Wimplicit-function-declaration]
     display_oled(buffer);
     ^~~~~~~~~~~~
../src/main.c: At top level:
../src/main.c:90:6: warning: conflicting types for 'display_oled'
 void display_oled(char *str){
      ^~~~~~~~~~~~
../src/main.c:87:5: note: previous implicit declaration of 'display_oled' was here
     display_oled(buffer);
     ^~~~~~~~~~~~
../src/main.c: In function 'display_oled':
../src/main.c:94:13: warning: implicit declaration of function 'spi_data' [-Wimplicit-function-declaration]
             spi_data(str[i]);
             ^~~~~~~~
../src/main.c: At top level:
../src/main.c:98:6: warning: conflicting types for 'spi_data'
 void spi_data(int n){
      ^~~~~~~~
../src/main.c:94:13: note: previous implicit declaration of 'spi_data' was here
             spi_data(str[i]);
             ^~~~~~~~
../src/main.c:103:6: warning: conflicting types for 'spi_cmd'
 void spi_cmd(int n){
      ^~~~~~~
../src/main.c:54:5: note: previous implicit declaration of 'spi_cmd' was here
     spi_cmd(0x38);
     ^~~~~~~
../src/main.c:108:6: warning: conflicting types for 'nano_wait'
 void nano_wait(unsigned int n) {
      ^~~~~~~~~
../src/main.c:53:5: note: previous implicit declaration of 'nano_wait' was here
     nano_wait(1000000);
     ^~~~~~~~~
Finished building: ../src/main.c
 
Building target: lab_prac2.elf
Invoking: MCU GCC Linker
arm-none-eabi-gcc -mcpu=cortex-m0 -mthumb -mfloat-abi=soft -T"C:/Users/trido/workspace/lab_prac2/LinkerScript.ld" -Wl,-Map=output.map -Wl,--gc-sections -o "lab_prac2.elf" @"objects.list"   -lm
Finished building target: lab_prac2.elf
 
make --no-print-directory post-build
Generating binary and Printing size information:
arm-none-eabi-objcopy -O binary "lab_prac2.elf" "lab_prac2.bin"
arm-none-eabi-size "lab_prac2.elf"
   text	   data	    bss	    dec	    hex	filename
  29116	   2492	   1200	  32808	   8028	lab_prac2.elf
 
21:10:02 **** Incremental Build of configuration Debug for project lab_prac2 ****
make -j12 all 
make: Nothing to be done for 'all'.
21:20:49 **** Incremental Build of configuration Debug for project lab_prac2 ****
make -j12 all 
Building file: ../src/main.c
Invoking: MCU GCC Compiler
C:\Users\trido\workspace\lab_prac2\Debug
arm-none-eabi-gcc -mcpu=cortex-m0 -mthumb -mfloat-abi=soft -DSTM32 -DSTM32F0 -DSTM32F091RCTx -DDEBUG -DSTM32F091 -DUSE_STDPERIPH_DRIVER -I"C:/Users/trido/workspace/lab_prac2/StdPeriph_Driver/inc" -I"C:/Users/trido/workspace/lab_prac2/inc" -I"C:/Users/trido/workspace/lab_prac2/CMSIS/device" -I"C:/Users/trido/workspace/lab_prac2/CMSIS/core" -O0 -g3 -Wall -fmessage-length=0 -ffunction-sections -c -MMD -MP -MF"src/main.d" -MT"src/main.o" -o "src/main.o" "../src/main.c"
../src/main.c: In function 'main':
../src/main.c:49:5: warning: implicit declaration of function 'nano_wait' [-Wimplicit-function-declaration]
     nano_wait(1000000);
     ^~~~~~~~~
../src/main.c:50:5: warning: implicit declaration of function 'spi_cmd' [-Wimplicit-function-declaration]
     spi_cmd(0x38);
     ^~~~~~~
../src/main.c: In function 'TIM15_IRQHandler':
../src/main.c:82:5: warning: implicit declaration of function 'display_oled' [-Wimplicit-function-declaration]
     display_oled(buffer);
     ^~~~~~~~~~~~
../src/main.c: At top level:
../src/main.c:85:6: warning: conflicting types for 'display_oled'
 void display_oled(char *str){
      ^~~~~~~~~~~~
../src/main.c:82:5: note: previous implicit declaration of 'display_oled' was here
     display_oled(buffer);
     ^~~~~~~~~~~~
../src/main.c: In function 'display_oled':
../src/main.c:89:13: warning: implicit declaration of function 'spi_data' [-Wimplicit-function-declaration]
             spi_data(str[i]);
             ^~~~~~~~
../src/main.c: At top level:
../src/main.c:93:6: warning: conflicting types for 'spi_data'
 void spi_data(int n){
      ^~~~~~~~
../src/main.c:89:13: note: previous implicit declaration of 'spi_data' was here
             spi_data(str[i]);
             ^~~~~~~~
../src/main.c:98:6: warning: conflicting types for 'spi_cmd'
 void spi_cmd(int n){
      ^~~~~~~
../src/main.c:50:5: note: previous implicit declaration of 'spi_cmd' was here
     spi_cmd(0x38);
     ^~~~~~~
../src/main.c:103:6: warning: conflicting types for 'nano_wait'
 void nano_wait(unsigned int n) {
      ^~~~~~~~~
../src/main.c:49:5: note: previous implicit declaration of 'nano_wait' was here
     nano_wait(1000000);
     ^~~~~~~~~
Finished building: ../src/main.c
 
Building target: lab_prac2.elf
Invoking: MCU GCC Linker
arm-none-eabi-gcc -mcpu=cortex-m0 -mthumb -mfloat-abi=soft -T"C:/Users/trido/workspace/lab_prac2/LinkerScript.ld" -Wl,-Map=output.map -Wl,--gc-sections -o "lab_prac2.elf" @"objects.list"   -lm
Finished building target: lab_prac2.elf
 
make --no-print-directory post-build
Generating binary and Printing size information:
arm-none-eabi-objcopy -O binary "lab_prac2.elf" "lab_prac2.bin"
arm-none-eabi-size "lab_prac2.elf"
   text	   data	    bss	    dec	    hex	filename
  29112	   2492	   1160	  32764	   7ffc	lab_prac2.elf
 
21:21:37 **** Incremental Build of configuration Debug for project lab_prac2 ****
make -j12 all 
Building file: ../src/main.c
Invoking: MCU GCC Compiler
C:\Users\trido\workspace\lab_prac2\Debug
arm-none-eabi-gcc -mcpu=cortex-m0 -mthumb -mfloat-abi=soft -DSTM32 -DSTM32F0 -DSTM32F091RCTx -DDEBUG -DSTM32F091 -DUSE_STDPERIPH_DRIVER -I"C:/Users/trido/workspace/lab_prac2/StdPeriph_Driver/inc" -I"C:/Users/trido/workspace/lab_prac2/inc" -I"C:/Users/trido/workspace/lab_prac2/CMSIS/device" -I"C:/Users/trido/workspace/lab_prac2/CMSIS/core" -O0 -g3 -Wall -fmessage-length=0 -ffunction-sections -c -MMD -MP -MF"src/main.d" -MT"src/main.o" -o "src/main.o" "../src/main.c"
../src/main.c: In function 'main':
../src/main.c:49:5: warning: implicit declaration of function 'nano_wait' [-Wimplicit-function-declaration]
     nano_wait(1000000);
     ^~~~~~~~~
../src/main.c:50:5: warning: implicit declaration of function 'spi_cmd' [-Wimplicit-function-declaration]
     spi_cmd(0x38);
     ^~~~~~~
../src/main.c: In function 'TIM15_IRQHandler':
../src/main.c:83:5: warning: implicit declaration of function 'display_oled' [-Wimplicit-function-declaration]
     display_oled(buffer);
     ^~~~~~~~~~~~
../src/main.c: At top level:
../src/main.c:86:6: warning: conflicting types for 'display_oled'
 void display_oled(char *str){
      ^~~~~~~~~~~~
../src/main.c:83:5: note: previous implicit declaration of 'display_oled' was here
     display_oled(buffer);
     ^~~~~~~~~~~~
../src/main.c: In function 'display_oled':
../src/main.c:90:13: warning: implicit declaration of function 'spi_data' [-Wimplicit-function-declaration]
             spi_data(str[i]);
             ^~~~~~~~
../src/main.c: At top level:
../src/main.c:94:6: warning: conflicting types for 'spi_data'
 void spi_data(int n){
      ^~~~~~~~
../src/main.c:90:13: note: previous implicit declaration of 'spi_data' was here
             spi_data(str[i]);
             ^~~~~~~~
../src/main.c:99:6: warning: conflicting types for 'spi_cmd'
 void spi_cmd(int n){
      ^~~~~~~
../src/main.c:50:5: note: previous implicit declaration of 'spi_cmd' was here
     spi_cmd(0x38);
     ^~~~~~~
../src/main.c:104:6: warning: conflicting types for 'nano_wait'
 void nano_wait(unsigned int n) {
      ^~~~~~~~~
../src/main.c:49:5: note: previous implicit declaration of 'nano_wait' was here
     nano_wait(1000000);
     ^~~~~~~~~
Finished building: ../src/main.c
 
Building target: lab_prac2.elf
Invoking: MCU GCC Linker
arm-none-eabi-gcc -mcpu=cortex-m0 -mthumb -mfloat-abi=soft -T"C:/Users/trido/workspace/lab_prac2/LinkerScript.ld" -Wl,-Map=output.map -Wl,--gc-sections -o "lab_prac2.elf" @"objects.list"   -lm
Finished building target: lab_prac2.elf
 
make --no-print-directory post-build
Generating binary and Printing size information:
arm-none-eabi-objcopy -O binary "lab_prac2.elf" "lab_prac2.bin"
arm-none-eabi-size "lab_prac2.elf"
   text	   data	    bss	    dec	    hex	filename
  29116	   2492	   1160	  32768	   8000	lab_prac2.elf
 
19:45:56 **** Incremental Build of configuration Debug for project lab10 ****
make -j12 all 
make: Nothing to be done for 'all'.
19:46:48 **** Incremental Build of configuration Debug for project lab10 ****
make -j12 all 
make: Nothing to be done for 'all'.
20:05:34 **** Incremental Build of configuration Debug for project lab10 ****
make -j12 all 
make: Nothing to be done for 'all'.
20:09:13 **** Incremental Build of configuration Debug for project lab10 ****
make -j12 all 
Building file: ../src/main.c
Invoking: MCU GCC Compiler
C:\Users\trido\workspace\lab10\Debug
arm-none-eabi-gcc -mcpu=cortex-m0 -mthumb -mfloat-abi=soft -DSTM32 -DSTM32F0 -DSTM32F091RCTx -DDEBUG -DSTM32F091 -DUSE_STDPERIPH_DRIVER -I"C:/Users/trido/workspace/lab10/StdPeriph_Driver/inc" -I"C:/Users/trido/workspace/lab10/inc" -I"C:/Users/trido/workspace/lab10/CMSIS/device" -I"C:/Users/trido/workspace/lab10/CMSIS/core" -O0 -g3 -Wall -fmessage-length=0 -ffunction-sections -c -MMD -MP -MF"src/main.d" -MT"src/main.o" -o "src/main.o" "../src/main.c"
../src/main.c: In function '__io_getchar':
../src/main.c:91:12: warning: implicit declaration of function 'interrupt_getchar'; did you mean 'better_getchar'? [-Wimplicit-function-declaration]
     return interrupt_getchar();
            ^~~~~~~~~~~~~~~~~
            better_getchar
Finished building: ../src/main.c
 
Building target: lab10.elf
Invoking: MCU GCC Linker
arm-none-eabi-gcc -mcpu=cortex-m0 -mthumb -mfloat-abi=soft -T"C:/Users/trido/workspace/lab10/LinkerScript.ld" -Wl,-Map=output.map -Wl,--gc-sections -o "lab10.elf" @"objects.list"   -lm
Finished building target: lab10.elf
 
make --no-print-directory post-build
Generating binary and Printing size information:
arm-none-eabi-objcopy -O binary "lab10.elf" "lab10.bin"
arm-none-eabi-size "lab10.elf"
   text	   data	    bss	    dec	    hex	filename
  57356	   2644	   1320	  61320	   ef88	lab10.elf
 
