15:17:14 **** Incremental Build of configuration Debug for project HW4 ****
make -j12 all 
Building file: ../src/hw.4.s
Building file: ../src/main.c
Invoking: MCU GCC Assembler
Invoking: MCU GCC Compiler
C:\Users\trido\workspace\HW4\Debug
arm-none-eabi-as -mcpu=cortex-m0 -mthumb -mfloat-abi=soft -I"C:/Users/trido/workspace/HW4/StdPeriph_Driver/inc" -I"C:/Users/trido/workspace/HW4/inc" -I"C:/Users/trido/workspace/HW4/CMSIS/device" -I"C:/Users/trido/workspace/HW4/CMSIS/core" -g -o "src/hw.4.o" "../src/hw.4.s"
C:\Users\trido\workspace\HW4\Debug
arm-none-eabi-gcc -mcpu=cortex-m0 -mthumb -mfloat-abi=soft -DSTM32 -DSTM32F0 -DSTM32F091RCTx -DDEBUG -DSTM32F091 -DUSE_STDPERIPH_DRIVER -I"C:/Users/trido/workspace/HW4/StdPeriph_Driver/inc" -I"C:/Users/trido/workspace/HW4/inc" -I"C:/Users/trido/workspace/HW4/CMSIS/device" -I"C:/Users/trido/workspace/HW4/CMSIS/core" -O0 -g3 -Wall -fmessage-length=0 -ffunction-sections -c -MMD -MP -MF"src/main.d" -MT"src/main.o" -o "src/main.o" "../src/main.c"
Finished building: ../src/hw.4.s
 
Finished building: ../src/main.c
 
Building target: HW4.elf
Invoking: MCU GCC Linker
arm-none-eabi-gcc -mcpu=cortex-m0 -mthumb -mfloat-abi=soft -T"C:/Users/trido/workspace/HW4/LinkerScript.ld" -Wl,-Map=output.map -Wl,--gc-sections -o "HW4.elf" @"objects.list"   -lm
Finished building target: HW4.elf
 
make --no-print-directory post-build
Generating binary and Printing size information:
arm-none-eabi-objcopy -O binary "HW4.elf" "HW4.bin"
arm-none-eabi-size "HW4.elf"
   text	   data	    bss	    dec	    hex	filename
  60852	   2548	   1152	  64552	   fc28	HW4.elf
 

15:17:16 Build Finished (took 1s.861ms)

