21:21:37 **** Incremental Build of configuration Debug for project lab_prac2 ****
make -j12 all 
Building file: ../src/main.c
Invoking: MCU GCC Compiler
C:\Users\trido\workspace\lab_prac2\Debug
arm-none-eabi-gcc -mcpu=cortex-m0 -mthumb -mfloat-abi=soft -DSTM32 -DSTM32F0 -DSTM32F091RCTx -DDEBUG -DSTM32F091 -DUSE_STDPERIPH_DRIVER -I"C:/Users/trido/workspace/lab_prac2/StdPeriph_Driver/inc" -I"C:/Users/trido/workspace/lab_prac2/inc" -I"C:/Users/trido/workspace/lab_prac2/CMSIS/device" -I"C:/Users/trido/workspace/lab_prac2/CMSIS/core" -O0 -g3 -Wall -fmessage-length=0 -ffunction-sections -c -MMD -MP -MF"src/main.d" -MT"src/main.o" -o "src/main.o" "../src/main.c"
../src/main.c: In function 'main':
../src/main.c:49:5: warning: implicit declaration of function 'nano_wait' [-Wimplicit-function-declaration]
     nano_wait(1000000);
     ^~~~~~~~~
../src/main.c:50:5: warning: implicit declaration of function 'spi_cmd' [-Wimplicit-function-declaration]
     spi_cmd(0x38);
     ^~~~~~~
../src/main.c: In function 'TIM15_IRQHandler':
../src/main.c:83:5: warning: implicit declaration of function 'display_oled' [-Wimplicit-function-declaration]
     display_oled(buffer);
     ^~~~~~~~~~~~
../src/main.c: At top level:
../src/main.c:86:6: warning: conflicting types for 'display_oled'
 void display_oled(char *str){
      ^~~~~~~~~~~~
../src/main.c:83:5: note: previous implicit declaration of 'display_oled' was here
     display_oled(buffer);
     ^~~~~~~~~~~~
../src/main.c: In function 'display_oled':
../src/main.c:90:13: warning: implicit declaration of function 'spi_data' [-Wimplicit-function-declaration]
             spi_data(str[i]);
             ^~~~~~~~
../src/main.c: At top level:
../src/main.c:94:6: warning: conflicting types for 'spi_data'
 void spi_data(int n){
      ^~~~~~~~
../src/main.c:90:13: note: previous implicit declaration of 'spi_data' was here
             spi_data(str[i]);
             ^~~~~~~~
../src/main.c:99:6: warning: conflicting types for 'spi_cmd'
 void spi_cmd(int n){
      ^~~~~~~
../src/main.c:50:5: note: previous implicit declaration of 'spi_cmd' was here
     spi_cmd(0x38);
     ^~~~~~~
../src/main.c:104:6: warning: conflicting types for 'nano_wait'
 void nano_wait(unsigned int n) {
      ^~~~~~~~~
../src/main.c:49:5: note: previous implicit declaration of 'nano_wait' was here
     nano_wait(1000000);
     ^~~~~~~~~
Finished building: ../src/main.c
 
Building target: lab_prac2.elf
Invoking: MCU GCC Linker
arm-none-eabi-gcc -mcpu=cortex-m0 -mthumb -mfloat-abi=soft -T"C:/Users/trido/workspace/lab_prac2/LinkerScript.ld" -Wl,-Map=output.map -Wl,--gc-sections -o "lab_prac2.elf" @"objects.list"   -lm
Finished building target: lab_prac2.elf
 
make --no-print-directory post-build
Generating binary and Printing size information:
arm-none-eabi-objcopy -O binary "lab_prac2.elf" "lab_prac2.bin"
arm-none-eabi-size "lab_prac2.elf"
   text	   data	    bss	    dec	    hex	filename
  29116	   2492	   1160	  32768	   8000	lab_prac2.elf
 

21:21:39 Build Finished (took 1s.870ms)

